Archive member included because of file (symbol)

c:/altera/13.0/nios2eds/bin/gnu/h-i686-mingw32/bin/../lib/gcc/nios2-elf/4.1.2\libgcc.a(_addsub_sf.o)
                              obj/default/freq_relay_ass1.o (__subsf3)
c:/altera/13.0/nios2eds/bin/gnu/h-i686-mingw32/bin/../lib/gcc/nios2-elf/4.1.2\libgcc.a(_sf_to_df.o)
                              obj/default/freq_relay_ass1.o (__extendsfdf2)
c:/altera/13.0/nios2eds/bin/gnu/h-i686-mingw32/bin/../lib/gcc/nios2-elf/4.1.2\libgcc.a(_thenan_sf.o)
                              c:/altera/13.0/nios2eds/bin/gnu/h-i686-mingw32/bin/../lib/gcc/nios2-elf/4.1.2\libgcc.a(_addsub_sf.o) (__thenan_sf)
c:/altera/13.0/nios2eds/bin/gnu/h-i686-mingw32/bin/../lib/gcc/nios2-elf/4.1.2\libgcc.a(_addsub_df.o)
                              obj/default/freq_relay_ass1.o (__subdf3)
c:/altera/13.0/nios2eds/bin/gnu/h-i686-mingw32/bin/../lib/gcc/nios2-elf/4.1.2\libgcc.a(_mul_df.o)
                              obj/default/freq_relay_ass1.o (__muldf3)
c:/altera/13.0/nios2eds/bin/gnu/h-i686-mingw32/bin/../lib/gcc/nios2-elf/4.1.2\libgcc.a(_div_df.o)
                              obj/default/freq_relay_ass1.o (__divdf3)
c:/altera/13.0/nios2eds/bin/gnu/h-i686-mingw32/bin/../lib/gcc/nios2-elf/4.1.2\libgcc.a(_gt_df.o)
                              obj/default/freq_relay_ass1.o (__gtdf2)
c:/altera/13.0/nios2eds/bin/gnu/h-i686-mingw32/bin/../lib/gcc/nios2-elf/4.1.2\libgcc.a(_ge_df.o)
                              obj/default/freq_relay_ass1.o (__gedf2)
c:/altera/13.0/nios2eds/bin/gnu/h-i686-mingw32/bin/../lib/gcc/nios2-elf/4.1.2\libgcc.a(_lt_df.o)
                              obj/default/freq_relay_ass1.o (__ltdf2)
c:/altera/13.0/nios2eds/bin/gnu/h-i686-mingw32/bin/../lib/gcc/nios2-elf/4.1.2\libgcc.a(_le_df.o)
                              obj/default/freq_relay_ass1.o (__ledf2)
c:/altera/13.0/nios2eds/bin/gnu/h-i686-mingw32/bin/../lib/gcc/nios2-elf/4.1.2\libgcc.a(_si_to_df.o)
                              obj/default/freq_relay_ass1.o (__floatsidf)
c:/altera/13.0/nios2eds/bin/gnu/h-i686-mingw32/bin/../lib/gcc/nios2-elf/4.1.2\libgcc.a(_df_to_si.o)
                              obj/default/freq_relay_ass1.o (__fixdfsi)
c:/altera/13.0/nios2eds/bin/gnu/h-i686-mingw32/bin/../lib/gcc/nios2-elf/4.1.2\libgcc.a(_make_df.o)
                              c:/altera/13.0/nios2eds/bin/gnu/h-i686-mingw32/bin/../lib/gcc/nios2-elf/4.1.2\libgcc.a(_sf_to_df.o) (__make_dp)
c:/altera/13.0/nios2eds/bin/gnu/h-i686-mingw32/bin/../lib/gcc/nios2-elf/4.1.2\libgcc.a(_df_to_sf.o)
                              obj/default/freq_relay_ass1.o (__truncdfsf2)
c:/altera/13.0/nios2eds/bin/gnu/h-i686-mingw32/bin/../lib/gcc/nios2-elf/4.1.2\libgcc.a(_thenan_df.o)
                              c:/altera/13.0/nios2eds/bin/gnu/h-i686-mingw32/bin/../lib/gcc/nios2-elf/4.1.2\libgcc.a(_addsub_df.o) (__thenan_df)
c:/altera/13.0/nios2eds/bin/gnu/h-i686-mingw32/bin/../lib/gcc/nios2-elf/4.1.2\libgcc.a(_muldi3.o)
                              c:/altera/13.0/nios2eds/bin/gnu/h-i686-mingw32/bin/../lib/gcc/nios2-elf/4.1.2\libgcc.a(_mul_df.o) (__muldi3)
c:/altera/13.0/nios2eds/bin/gnu/h-i686-mingw32/bin/../lib/gcc/nios2-elf/4.1.2\libgcc.a(_clzsi2.o)
                              c:/altera/13.0/nios2eds/bin/gnu/h-i686-mingw32/bin/../lib/gcc/nios2-elf/4.1.2\libgcc.a(_si_to_df.o) (__clzsi2)
c:/altera/13.0/nios2eds/bin/gnu/h-i686-mingw32/bin/../lib/gcc/nios2-elf/4.1.2\libgcc.a(_pack_sf.o)
                              c:/altera/13.0/nios2eds/bin/gnu/h-i686-mingw32/bin/../lib/gcc/nios2-elf/4.1.2\libgcc.a(_addsub_sf.o) (__pack_f)
c:/altera/13.0/nios2eds/bin/gnu/h-i686-mingw32/bin/../lib/gcc/nios2-elf/4.1.2\libgcc.a(_unpack_sf.o)
                              c:/altera/13.0/nios2eds/bin/gnu/h-i686-mingw32/bin/../lib/gcc/nios2-elf/4.1.2\libgcc.a(_addsub_sf.o) (__unpack_f)
c:/altera/13.0/nios2eds/bin/gnu/h-i686-mingw32/bin/../lib/gcc/nios2-elf/4.1.2\libgcc.a(_make_sf.o)
                              c:/altera/13.0/nios2eds/bin/gnu/h-i686-mingw32/bin/../lib/gcc/nios2-elf/4.1.2\libgcc.a(_df_to_sf.o) (__make_fp)
c:/altera/13.0/nios2eds/bin/gnu/h-i686-mingw32/bin/../lib/gcc/nios2-elf/4.1.2\libgcc.a(_pack_df.o)
                              c:/altera/13.0/nios2eds/bin/gnu/h-i686-mingw32/bin/../lib/gcc/nios2-elf/4.1.2\libgcc.a(_addsub_df.o) (__pack_d)
c:/altera/13.0/nios2eds/bin/gnu/h-i686-mingw32/bin/../lib/gcc/nios2-elf/4.1.2\libgcc.a(_unpack_df.o)
                              c:/altera/13.0/nios2eds/bin/gnu/h-i686-mingw32/bin/../lib/gcc/nios2-elf/4.1.2\libgcc.a(_addsub_df.o) (__unpack_d)
c:/altera/13.0/nios2eds/bin/gnu/h-i686-mingw32/bin/../lib/gcc/nios2-elf/4.1.2\libgcc.a(_fpcmp_parts_df.o)
                              c:/altera/13.0/nios2eds/bin/gnu/h-i686-mingw32/bin/../lib/gcc/nios2-elf/4.1.2\libgcc.a(_gt_df.o) (__fpcmp_parts_d)
c:/altera/13.0/nios2eds/bin/gnu/h-i686-mingw32/bin/../lib/gcc/nios2-elf/4.1.2\libgcc.a(_clz.o)
[...]
Memory Configuration

Name             Origin             Length             Attributes
onchip_memory_BEFORE_EXCEPTION 0x00000000         0x00000020
onchip_memory    0x00000020         0x00031fe0
reset            0x01000000         0x00000020
flash_controller 0x01000020         0x007fffe0
sdram            0x08000000         0x08000000
*default*        0x00000000         0xffffffff

Linker script and memory map

LOAD ../Assignment_One_bsp//obj/HAL/src/crt0.o
LOAD obj/default/FSM.o
LOAD obj/default/FreeRTOS/croutine.o
LOAD obj/default/FreeRTOS/event_groups.o
LOAD obj/default/FreeRTOS/heap.o
LOAD obj/default/FreeRTOS/list.o
LOAD obj/default/FreeRTOS/port.o
LOAD obj/default/FreeRTOS/queue.o
LOAD obj/default/FreeRTOS/tasks.o
LOAD obj/default/FreeRTOS/timers.o
LOAD obj/default/freq_relay_ass1.o
LOAD obj/default/FreeRTOS/port_asm.o
LOAD c:/altera/13.0/nios2eds/bin/gnu/h-i686-mingw32/bin/../lib/gcc/nios2-elf/4.1.2/../../../../nios2-elf/lib\libstdc++.a
LOAD c:/altera/13.0/nios2eds/bin/gnu/h-i686-mingw32/bin/../lib/gcc/nios2-elf/4.1.2/../../../../nios2-elf/lib\libm.a
LOAD c:/altera/13.0/nios2eds/bin/gnu/h-i686-mingw32/bin/../lib/gcc/nios2-elf/4.1.2\libgcc.a
START GROUP
LOAD c:/altera/13.0/nios2eds/bin/gnu/h-i686-mingw32/bin/../lib/gcc/nios2-elf/4.1.2/../../../../nios2-elf/lib\libc.a
LOAD c:/altera/13.0/nios2eds/bin/gnu/h-i686-mingw32/bin/../lib/gcc/nios2-elf/4.1.2\libgcc.a
LOAD ../Assignment_One_bsp/\libhal_bsp.a
END GROUP
LOAD c:/altera/13.0/nios2eds/bin/gnu/h-i686-mingw32/bin/../lib/gcc/nios2-elf/4.1.2\libgcc.a
                0x00000000                __alt_mem_onchip_memory = 0x0
                0x01000000                __alt_mem_flash_controller = 0x1000000
                0x08000000                __alt_mem_sdram = 0x8000000

.entry          0x01000000        0x0
 *(.entry)
 .entry         0x01000000        0x0 ../Assignment_One_bsp//obj/HAL/src/crt0.o
                0x01000000                __reset

.exceptions     0x00000020      0x228
                0x00000020                PROVIDE (__ram_exceptions_start, ABSOLUTE (.))
                0x00000020                . = ALIGN (0x20)
 *(.irq)
 *(.exceptions.entry.label)
 *(.exceptions.entry.user)
 *(.exceptions.entry)
 .exceptions.entry
                0x00000020       0x8c obj/default/FreeRTOS/port_asm.o
 *(.exceptions.irqtest.user)
 *(.exceptions.irqtest)
 .exceptions.irqtest
                0x000000ac       0x14 obj/default/FreeRTOS/port_asm.o
 *(.exceptions.irqhandler.user)
 *(.exceptions.irqhandler)
 .exceptions.irqhandler
                0x000000c0        0x4 obj/default/FreeRTOS/port_asm.o
 *(.exceptions.irqreturn.user)
 *(.exceptions.irqreturn)
 .exceptions.irqreturn
                0x000000c4       0x8c obj/default/FreeRTOS/port_asm.o
                0x000000c4                restore_sp_from_pxCurrentTCB
 *(.exceptions.notirq.label)
 *(.exceptions.notirq.user)
 *(.exceptions.notirq)
 *(.exceptions.soft.user)
 *(.exceptions.soft)
 .exceptions.soft
                0x00000150       0x2c obj/default/FreeRTOS/port_asm.o
 *(.exceptions.unknown.user)
 *(.exceptions.unknown)
 *(.exceptions.exit.label)
 *(.exceptions.exit.user)
 *(.exceptions.exit)
 *(.exceptions)
 .exceptions    0x0000017c       0xcc ../Assignment_One_bsp/\libhal_bsp.a(alt_irq_handler.o)
                0x0000017c                alt_irq_handler
                0x00000248                PROVIDE (__ram_exceptions_end, ABSOLUTE (.))
                0x00000020                PROVIDE (__flash_exceptions_start, LOADADDR (.exceptions))

.text           0x00000248    0x1b860
                0x00000248                PROVIDE (stext, ABSOLUTE (.))
 *(.interp)
 *(.hash)
 *(.dynsym)
 *(.dynstr)
 *(.gnu.version)
 *(.gnu.version_d)
 *(.gnu.version_r)
 *(.rel.init)
 *(.rela.init)
 *(.rel.text .rel.text.* .rel.gnu.linkonce.t.*)
 *(.rela.text .rela.text.* .rela.gnu.linkonce.t.*)
 *(.rel.fini)
 *(.rela.fini)
 *(.rel.rodata .rel.rodata.* .rel.gnu.linkonce.r.*)
 *(.rela.rodata .rela.rodata.* .rela.gnu.linkonce.r.*)
 *(.rel.data .rel.data.* .rel.gnu.linkonce.d.*)
 *(.rela.data .rela.data.* .rela.gnu.linkonce.d.*)
 *(.rel.tdata .rel.tdata.* .rel.gnu.linkonce.td.*)
 *(.rela.tdata .rela.tdata.* .rela.gnu.linkonce.td.*)
 *(.rel.tbss .rel.tbss.* .rel.gnu.linkonce.tb.*)
 *(.rela.tbss .rela.tbss.* .rela.gnu.linkonce.tb.*)
 *(.rel.ctors)
 *(.rela.ctors)
 *(.rel.dtors)
 *(.rela.dtors)
 *(.rel.got)
 *(.rela.got)
 *(.rel.sdata .rel.sdata.* .rel.gnu.linkonce.s.*)
 *(.rela.sdata .rela.sdata.* .rela.gnu.linkonce.s.*)
 *(.rel.sbss .rel.sbss.* .rel.gnu.linkonce.sb.*)
 *(.rela.sbss .rela.sbss.* .rela.gnu.linkonce.sb.*)
 *(.rel.sdata2 .rel.sdata2.* .rel.gnu.linkonce.s2.*)
 *(.rela.sdata2 .rela.sdata2.* .rela.gnu.linkonce.s2.*)
 *(.rel.sbss2 .rel.sbss2.* .rel.gnu.linkonce.sb2.*)
 *(.rela.sbss2 .rela.sbss2.* .rela.gnu.linkonce.sb2.*)
 *(.rel.bss .rel.bss.* .rel.gnu.linkonce.b.*)
 *(.rela.bss .rela.bss.* .rela.gnu.linkonce.b.*)
 *(.rel.plt)
 *(.rela.plt)
 *(.rel.dyn)
 *(.init)
 *(.plt)
 *(.text .stub .text.* .gnu.linkonce.t.*)
 .text          0x00000248       0x48 ../Assignment_One_bsp//obj/HAL/src/crt0.o
                0x00000248                _start
 .text          0x00000290       0xb0 obj/default/FSM.o
                0x00000290                stateEval
 .text          0x00000340      0x60c obj/default/FreeRTOS/croutine.o
                0x00000340                xCoRoutineCreate
                0x00000480                vCoRoutineAddToDelayedList
                0x00000744                vCoRoutineSchedule
                0x000008cc                xCoRoutineRemoveFromEventList
 .text          0x0000094c      0x720 obj/default/FreeRTOS/event_groups.o
                0x0000094c                xEventGroupCreate
                0x000009a0                xEventGroupSync
                0x00000b24                xEventGroupWaitBits
                0x00000ce4                xEventGroupClearBits
                0x00000d4c                xEventGroupGetBitsFromISR
                0x00000d88                xEventGroupSetBits
                0x00000f14                vEventGroupDelete
                0x00000f84                vEventGroupSetBitsCallback
                0x00000fbc                vEventGroupClearBitsCallback
 .text          0x0000106c      0x448 obj/default/FreeRTOS/heap.o
                0x0000106c                pvPortMalloc
                0x00001200                vPortFree
                0x00001280                xPortGetFreeHeapSize
                0x000012a0                vPortInitialiseBlocks
 .text          0x000014b4      0x28c obj/default/FreeRTOS/list.o
                0x000014b4                vListInitialise
                0x00001524                vListInitialiseItem
                0x0000154c                vListInsertEnd
                0x000015d4                vListInsert
                0x000016a8                uxListRemove
 .text          0x00001740      0x434 obj/default/FreeRTOS/port.o
                0x00001740                vApplicationStackOverflowHook
                0x000017a4                pxPortInitialiseStack
                0x0000188c                xPortStartScheduler
                0x000018c4                vPortEndScheduler
                0x00001978                vPortSysTickHandler
                0x000019c4                alt_irq_register
 .text          0x00001b74     0x1134 obj/default/FreeRTOS/queue.o
                0x00001b74                xQueueGenericReset
                0x00001c88                xQueueGenericCreate
                0x00001d64                xQueueCreateMutex
                0x00001e28                xQueueGiveMutexRecursive
                0x00001ebc                xQueueTakeMutexRecursive
                0x00001f64                xQueueCreateCountingSemaphore
                0x00001fc0                xQueueGenericSend
                0x00002170                xQueueGenericSendFromISR
                0x00002258                xQueueGiveFromISR
                0x00002330                xQueueGenericReceive
                0x0000255c                xQueueReceiveFromISR
                0x00002640                xQueuePeekFromISR
                0x000026c0                uxQueueMessagesWaiting
                0x00002700                uxQueueSpacesAvailable
                0x00002754                uxQueueMessagesWaitingFromISR
                0x00002784                vQueueDelete
                0x00002b30                xQueueIsQueueEmptyFromISR
                0x00002bcc                xQueueIsQueueFullFromISR
                0x00002c14                vQueueWaitForMessageRestricted
 .text          0x00002ca8     0x2084 obj/default/FreeRTOS/tasks.o
                0x00002ca8                xTaskGenericCreate
                0x00002e70                vTaskDelete
                0x00002f48                vTaskDelay
                0x00002fc0                vTaskSuspend
                0x00003158                vTaskResume
                0x00003220                xTaskResumeFromISR
                0x000032fc                vTaskStartScheduler
                0x00003398                vTaskEndScheduler
                0x000033dc                vTaskSuspendAll
                0x00003404                xTaskResumeAll
                0x00003554                xTaskGetTickCount
                0x0000357c                xTaskGetTickCountFromISR
                0x000035a8                uxTaskGetNumberOfTasks
                0x000035c8                xTaskIncrementTick
                0x000037a4                vTaskSwitchContext
                0x000038d4                vTaskPlaceOnEventList
                0x00003958                vTaskPlaceOnUnorderedEventList
                0x000039f0                vTaskPlaceOnEventListRestricted
                0x00003a50                xTaskRemoveFromEventList
                0x00003b38                xTaskRemoveFromUnorderedEventList
                0x00003c08                vTaskSetTimeOutState
                0x00003c40                xTaskCheckForTimeOut
                0x00003d1c                vTaskMissedYield
                0x000041a8                uxTaskGetStackHighWaterMark
                0x000042c4                xTaskGetCurrentTaskHandle
                0x000042ec                xTaskGetSchedulerState
                0x00004340                vTaskPriorityInherit
                0x00004470                xTaskPriorityDisinherit
                0x0000456c                vTaskEnterCritical
                0x000045c0                vTaskExitCritical
                0x00004628                uxTaskResetEventItemValue
                0x0000466c                pvTaskIncrementMutexHeldCount
                0x000046a8                ulTaskNotifyTake
                0x000047a4                xTaskNotifyWait
                0x000048d4                xTaskNotify
                0x00004a5c                xTaskNotifyFromISR
                0x00004c1c                vTaskNotifyGiveFromISR
 .text          0x00004d2c      0x8b0 obj/default/FreeRTOS/timers.o
                0x00004d2c                xTimerCreateTimerTask
                0x00004d9c                xTimerCreate
                0x00004e4c                xTimerGenericCommand
                0x00004f14                pcTimerGetTimerName
                0x00005560                xTimerIsTimerActive
                0x000055ac                pvTimerGetTimerID
 .text          0x000055dc     0x28ec obj/default/freq_relay_ass1.o
                0x000055dc                timer_500ms_isr
                0x00005604                mt_bt_isr
                0x00005688                freq_relay
                0x00005724                ps2_isr
                0x0000580c                updateSystemStateTask
                0x00005948                updateThresholdTask
                0x00005cb0                auditFrequencyTask
                0x0000635c                updateLoadConnectionsTask
                0x000068c4                VGAOutputTask
                0x00007c18                main
 .text          0x00007ec8        0x0 obj/default/FreeRTOS/port_asm.o
 .text          0x00007ec8      0x2b8 c:/altera/13.0/nios2eds/bin/gnu/h-i686-mingw32/bin/../lib/gcc/nios2-elf/4.1.2\libgcc.a(_addsub_sf.o)
                0x000080ac                __subsf3
                0x0000811c                __addsf3
 .text          0x00008180       0x54 c:/altera/13.0/nios2eds/bin/gnu/h-i686-mingw32/bin/../lib/gcc/nios2-elf/4.1.2\libgcc.a(_sf_to_df.o)
                0x00008180                __extendsfdf2
 .text          0x000081d4        0x0 c:/altera/13.0/nios2eds/bin/gnu/h-i686-mingw32/bin/../lib/gcc/nios2-elf/4.1.2\libgcc.a(_thenan_sf.o)
 .text          0x000081d4      0x504 c:/altera/13.0/nios2eds/bin/gnu/h-i686-mingw32/bin/../lib/gcc/nios2-elf/4.1.2\libgcc.a(_addsub_df.o)
                0x000085e4                __subdf3
                0x00008664                __adddf3
 .text          0x000086d8      0x3c4 c:/altera/13.0/nios2eds/bin/gnu/h-i686-mingw32/bin/../lib/gcc/nios2-elf/4.1.2\libgcc.a(_mul_df.o)
                0x000086d8                __muldf3
 .text          0x00008a9c      0x258 c:/altera/13.0/nios2eds/bin/gnu/h-i686-mingw32/bin/../lib/gcc/nios2-elf/4.1.2\libgcc.a(_div_df.o)
                0x00008a9c                __divdf3
 .text          0x00008cf4       0x88 c:/altera/13.0/nios2eds/bin/gnu/h-i686-mingw32/bin/../lib/gcc/nios2-elf/4.1.2\libgcc.a(_gt_df.o)
                0x00008cf4                __gtdf2
 .text          0x00008d7c       0x88 c:/altera/13.0/nios2eds/bin/gnu/h-i686-mingw32/bin/../lib/gcc/nios2-elf/4.1.2\libgcc.a(_ge_df.o)
                0x00008d7c                __gedf2
 .text          0x00008e04       0x88 c:/altera/13.0/nios2eds/bin/gnu/h-i686-mingw32/bin/../lib/gcc/nios2-elf/4.1.2\libgcc.a(_lt_df.o)
                0x00008e04                __ltdf2
 .text          0x00008e8c       0x88 c:/altera/13.0/nios2eds/bin/gnu/h-i686-mingw32/bin/../lib/gcc/nios2-elf/4.1.2\libgcc.a(_le_df.o)
                0x00008e8c                __ledf2
 .text          0x00008f14       0xf8 c:/altera/13.0/nios2eds/bin/gnu/h-i686-mingw32/bin/../lib/gcc/nios2-elf/4.1.2\libgcc.a(_si_to_df.o)
                0x00008f14                __floatsidf
 .text          0x0000900c       0xd8 c:/altera/13.0/nios2eds/bin/gnu/h-i686-mingw32/bin/../lib/gcc/nios2-elf/4.1.2\libgcc.a(_df_to_si.o)
                0x0000900c                __fixdfsi
 .text          0x000090e4       0x38 c:/altera/13.0/nios2eds/bin/gnu/h-i686-mingw32/bin/../lib/gcc/nios2-elf/4.1.2\libgcc.a(_make_df.o)
                0x000090e4                __make_dp
 .text          0x0000911c       0x74 c:/altera/13.0/nios2eds/bin/gnu/h-i686-mingw32/bin/../lib/gcc/nios2-elf/4.1.2\libgcc.a(_df_to_sf.o)
                0x0000911c                __truncdfsf2
 .text          0x00009190        0x0 c:/altera/13.0/nios2eds/bin/gnu/h-i686-mingw32/bin/../lib/gcc/nios2-elf/4.1.2\libgcc.a(_thenan_df.o)
 .text          0x00009190       0x98 c:/altera/13.0/nios2eds/bin/gnu/h-i686-mingw32/bin/../lib/gcc/nios2-elf/4.1.2\libgcc.a(_muldi3.o)
                0x00009190                __muldi3
 .text          0x00009228       0x80 c:/altera/13.0/nios2eds/bin/gnu/h-i686-mingw32/bin/../lib/gcc/nios2-elf/4.1.2\libgcc.a(_clzsi2.o)
                0x00009228                __clzsi2
 .text          0x000092a8      0x160 c:/altera/13.0/nios2eds/bin/gnu/h-i686-mingw32/bin/../lib/gcc/nios2-elf/4.1.2\libgcc.a(_pack_sf.o)
                0x000092a8                __pack_f
 .text          0x00009408       0xc8 c:/altera/13.0/nios2eds/bin/gnu/h-i686-mingw32/bin/../lib/gcc/nios2-elf/4.1.2\libgcc.a(_unpack_sf.o)
                0x00009408                __unpack_f
 .text          0x000094d0       0x2c c:/altera/13.0/nios2eds/bin/gnu/h-i686-mingw32/bin/../lib/gcc/nios2-elf/4.1.2\libgcc.a(_make_sf.o)
                0x000094d0                __make_fp
 .text          0x000094fc      0x314 c:/altera/13.0/nios2eds/bin/gnu/h-i686-mingw32/bin/../lib/gcc/nios2-elf/4.1.2\libgcc.a(_pack_df.o)
                0x000094fc                __pack_d
 .text          0x00009810      0x138 c:/altera/13.0/nios2eds/bin/gnu/h-i686-mingw32/bin/../lib/gcc/nios2-elf/4.1.2\libgcc.a(_unpack_df.o)
                0x00009810                __unpack_d
 .text          0x00009948       0xc8 c:/altera/13.0/nios2eds/bin/gnu/h-i686-mingw32/bin/../lib/gcc/nios2-elf/4.1.2\libgcc.a(_fpcmp_parts_df.o)
                0x00009948                __fpcmp_parts_d
 .text          0x00009a10        0x0 c:/altera/13.0/nios2eds/bin/gnu/h-i686-mingw32/bin/../lib/gcc/nios2-elf/4.1.2\libgcc.a(_clz.o)
 .text          0x00009a10      0x1fc c:/altera/13.0/nios2eds/bin/gnu/h-i686-mingw32/bin/../lib/gcc/nios2-elf/4.1.2/../../../../nios2-elf/lib\libc.a(lib_a-efgcvt.o)
                0x00009a10                gcvt
                0x00009adc                gcvtf
                0x00009b1c                ecvt
                0x00009b40                ecvtf
                0x00009b94                fcvt
                0x00009bb8                fcvtf
 .text          0x00009c0c        0x0 c:/altera/13.0/nios2eds/bin/gnu/h-i686-mingw32/bin/../lib/gcc/nios2-elf/4.1.2/../../../../nios2-elf/lib\libc.a(lib_a-impure.o)
 .text          0x00009c0c       0x74 c:/altera/13.0/nios2eds/bin/gnu/h-i686-mingw32/bin/../lib/gcc/nios2-elf/4.1.2/../../../../nios2-elf/lib\libc.a(lib_a-memcmp.o)
                0x00009c0c                memcmp
 .text          0x00009c80       0xa0 c:/altera/13.0/nios2eds/bin/gnu/h-i686-mingw32/bin/../lib/gcc/nios2-elf/4.1.2/../../../../nios2-elf/lib\libc.a(lib_a-memcpy.o)
                0x00009c80                memcpy
 .text          0x00009d20       0x98 c:/altera/13.0/nios2eds/bin/gnu/h-i686-mingw32/bin/../lib/gcc/nios2-elf/4.1.2/../../../../nios2-elf/lib\libc.a(lib_a-memset.o)
                0x00009d20                memset
 .text          0x00009db8       0x78 c:/altera/13.0/nios2eds/bin/gnu/h-i686-mingw32/bin/../lib/gcc/nios2-elf/4.1.2/../../../../nios2-elf/lib\libc.a(lib_a-printf.o)
                0x00009db8                printf
                0x00009dfc                _printf_r
 .text          0x00009e30       0xb4 c:/altera/13.0/nios2eds/bin/gnu/h-i686-mingw32/bin/../lib/gcc/nios2-elf/4.1.2/../../../../nios2-elf/lib\libc.a(lib_a-puts.o)
                0x00009e30                _puts_r
                0x00009ed0                puts
 .text          0x00009ee4       0xd4 c:/altera/13.0/nios2eds/bin/gnu/h-i686-mingw32/bin/../lib/gcc/nios2-elf/4.1.2/../../../../nios2-elf/lib\libc.a(lib_a-sprintf.o)
                0x00009ee4                sprintf
                0x00009f58                _sprintf_r
 .text          0x00009fb8       0x74 c:/altera/13.0/nios2eds/bin/gnu/h-i686-mingw32/bin/../lib/gcc/nios2-elf/4.1.2/../../../../nios2-elf/lib\libc.a(lib_a-strlen.o)
                0x00009fb8                strlen
 .text          0x0000a02c     0x1f28 c:/altera/13.0/nios2eds/bin/gnu/h-i686-mingw32/bin/../lib/gcc/nios2-elf/4.1.2/../../../../nios2-elf/lib\libc.a(lib_a-vfprintf.o)
                0x0000a084                ___vfprintf_internal_r
                0x0000bf30                __vfprintf_internal
 .text          0x0000bf54      0x13c c:/altera/13.0/nios2eds/bin/gnu/h-i686-mingw32/bin/../lib/gcc/nios2-elf/4.1.2/../../../../nios2-elf/lib\libc.a(lib_a-wsetup.o)
                0x0000bf54                __swsetup_r
 .text          0x0000c090     0x17cc c:/altera/13.0/nios2eds/bin/gnu/h-i686-mingw32/bin/../lib/gcc/nios2-elf/4.1.2/../../../../nios2-elf/lib\libc.a(lib_a-dtoa.o)
                0x0000c2a8                _dtoa_r
 .text          0x0000d85c      0xab8 c:/altera/13.0/nios2eds/bin/gnu/h-i686-mingw32/bin/../lib/gcc/nios2-elf/4.1.2/../../../../nios2-elf/lib\libc.a(lib_a-ecvtbuf.o)
                0x0000da4c                _gcvt
                0x0000dd2c                _dcvt
                0x0000e024                ecvtbuf
                0x0000e16c                fcvtbuf
 .text          0x0000e314      0x230 c:/altera/13.0/nios2eds/bin/gnu/h-i686-mingw32/bin/../lib/gcc/nios2-elf/4.1.2/../../../../nios2-elf/lib\libc.a(lib_a-fflush.o)
                0x0000e314                _fflush_r
                0x0000e510                fflush
 .text          0x0000e544      0x2c0 c:/altera/13.0/nios2eds/bin/gnu/h-i686-mingw32/bin/../lib/gcc/nios2-elf/4.1.2/../../../../nios2-elf/lib\libc.a(lib_a-findfp.o)
                0x0000e59c                __sfp_lock_acquire
                0x0000e5a0                __sfp_lock_release
                0x0000e5a4                __sinit_lock_acquire
                0x0000e5a8                __sinit_lock_release
                0x0000e5ac                __sinit
                0x0000e660                __fp_unlock_all
                0x0000e678                __fp_lock_all
                0x0000e690                _cleanup_r
                0x0000e69c                _cleanup
                0x0000e6ac                __sfmoreglue
                0x0000e714                __sfp
 .text          0x0000e804      0x440 c:/altera/13.0/nios2eds/bin/gnu/h-i686-mingw32/bin/../lib/gcc/nios2-elf/4.1.2/../../../../nios2-elf/lib\libc.a(lib_a-freer.o)
                0x0000e804                _malloc_trim_r
                0x0000e930                _free_r
 .text          0x0000ec44      0x49c c:/altera/13.0/nios2eds/bin/gnu/h-i686-mingw32/bin/../lib/gcc/nios2-elf/4.1.2/../../../../nios2-elf/lib\libc.a(lib_a-fvwrite.o)
                0x0000ec44                __sfvwrite_r
 .text          0x0000f0e0      0x180 c:/altera/13.0/nios2eds/bin/gnu/h-i686-mingw32/bin/../lib/gcc/nios2-elf/4.1.2/../../../../nios2-elf/lib\libc.a(lib_a-fwalk.o)
                0x0000f0e0                _fwalk_reent
                0x0000f1a8                _fwalk
 .text          0x0000f260       0xc4 c:/altera/13.0/nios2eds/bin/gnu/h-i686-mingw32/bin/../lib/gcc/nios2-elf/4.1.2/../../../../nios2-elf/lib\libc.a(lib_a-locale.o)
                0x0000f260                __locale_charset
                0x0000f268                _localeconv_r
                0x0000f274                localeconv
                0x0000f284                _setlocale_r
                0x0000f308                setlocale
 .text          0x0000f324      0x194 c:/altera/13.0/nios2eds/bin/gnu/h-i686-mingw32/bin/../lib/gcc/nios2-elf/4.1.2/../../../../nios2-elf/lib\libc.a(lib_a-makebuf.o)
                0x0000f324                __smakebuf_r
 .text          0x0000f4b8      0x740 c:/altera/13.0/nios2eds/bin/gnu/h-i686-mingw32/bin/../lib/gcc/nios2-elf/4.1.2/../../../../nios2-elf/lib\libc.a(lib_a-mallocr.o)
                0x0000f4b8                _malloc_r
 .text          0x0000fbf8       0xe4 c:/altera/13.0/nios2eds/bin/gnu/h-i686-mingw32/bin/../lib/gcc/nios2-elf/4.1.2/../../../../nios2-elf/lib\libc.a(lib_a-memchr.o)
                0x0000fbf8                memchr
 .text          0x0000fcdc       0xe0 c:/altera/13.0/nios2eds/bin/gnu/h-i686-mingw32/bin/../lib/gcc/nios2-elf/4.1.2/../../../../nios2-elf/lib\libc.a(lib_a-memmove.o)
                0x0000fcdc                memmove
 .text          0x0000fdbc      0xff4 c:/altera/13.0/nios2eds/bin/gnu/h-i686-mingw32/bin/../lib/gcc/nios2-elf/4.1.2/../../../../nios2-elf/lib\libc.a(lib_a-mprec.o)
                0x0000fdbc                _Bfree
                0x0000fde4                __hi0bits
                0x0000fe54                __lo0bits
                0x0000ff18                __mcmp
                0x0000ff78                __ulp
                0x0000fff8                __b2d
                0x00010118                __ratio
                0x000101c8                _mprec_log10
                0x0001025c                __copybits
                0x000102b4                __any_on
                0x0001033c                _Balloc
                0x000103f8                __d2b
                0x00010574                __mdiff
                0x00010700                __lshift
                0x0001084c                __multiply
                0x00010a34                __i2b
                0x00010a70                __multadd
                0x00010b70                __pow5mult
                0x00010c90                __s2b
 .text          0x00010db0      0x5f4 c:/altera/13.0/nios2eds/bin/gnu/h-i686-mingw32/bin/../lib/gcc/nios2-elf/4.1.2/../../../../nios2-elf/lib\libc.a(lib_a-reallocr.o)
                0x00010db0                _realloc_r
 .text          0x000113a4       0x40 c:/altera/13.0/nios2eds/bin/gnu/h-i686-mingw32/bin/../lib/gcc/nios2-elf/4.1.2/../../../../nios2-elf/lib\libc.a(lib_a-s_isinfd.o)
                0x000113a4                __isinfd
 .text          0x000113e4       0x30 c:/altera/13.0/nios2eds/bin/gnu/h-i686-mingw32/bin/../lib/gcc/nios2-elf/4.1.2/../../../../nios2-elf/lib\libc.a(lib_a-s_isnand.o)
                0x000113e4                __isnand
 .text          0x00011414       0x70 c:/altera/13.0/nios2eds/bin/gnu/h-i686-mingw32/bin/../lib/gcc/nios2-elf/4.1.2/../../../../nios2-elf/lib\libc.a(lib_a-sbrkr.o)
                0x00011414                _sbrk_r
 .text          0x00011484      0x14c c:/altera/13.0/nios2eds/bin/gnu/h-i686-mingw32/bin/../lib/gcc/nios2-elf/4.1.2/../../../../nios2-elf/lib\libc.a(lib_a-stdio.o)
                0x00011484                __sclose
                0x0001148c                __sseek
                0x000114f4                __swrite
                0x00011570                __sread
 .text          0x000115d0       0xbc c:/altera/13.0/nios2eds/bin/gnu/h-i686-mingw32/bin/../lib/gcc/nios2-elf/4.1.2/../../../../nios2-elf/lib\libc.a(lib_a-strcmp.o)
                0x000115d0                strcmp
 .text          0x0001168c       0x8c c:/altera/13.0/nios2eds/bin/gnu/h-i686-mingw32/bin/../lib/gcc/nios2-elf/4.1.2/../../../../nios2-elf/lib\libc.a(lib_a-strcpy.o)
                0x0001168c                strcpy
 .text          0x00011718       0x78 c:/altera/13.0/nios2eds/bin/gnu/h-i686-mingw32/bin/../lib/gcc/nios2-elf/4.1.2/../../../../nios2-elf/lib\libc.a(lib_a-writer.o)
                0x00011718                _write_r
 .text          0x00011790       0xb4 c:/altera/13.0/nios2eds/bin/gnu/h-i686-mingw32/bin/../lib/gcc/nios2-elf/4.1.2/../../../../nios2-elf/lib\libc.a(lib_a-callocr.o)
                0x00011790                _calloc_r
 .text          0x00011844       0x70 c:/altera/13.0/nios2eds/bin/gnu/h-i686-mingw32/bin/../lib/gcc/nios2-elf/4.1.2/../../../../nios2-elf/lib\libc.a(lib_a-closer.o)
                0x00011844                _close_r
 .text          0x000118b4      0x124 c:/altera/13.0/nios2eds/bin/gnu/h-i686-mingw32/bin/../lib/gcc/nios2-elf/4.1.2/../../../../nios2-elf/lib\libc.a(lib_a-fclose.o)
                0x000118b4                _fclose_r
                0x000119c4                fclose
 .text          0x000119d8       0x74 c:/altera/13.0/nios2eds/bin/gnu/h-i686-mingw32/bin/../lib/gcc/nios2-elf/4.1.2/../../../../nios2-elf/lib\libc.a(lib_a-fstatr.o)
                0x000119d8                _fstat_r
 .text          0x00011a4c        0x0 c:/altera/13.0/nios2eds/bin/gnu/h-i686-mingw32/bin/../lib/gcc/nios2-elf/4.1.2/../../../../nios2-elf/lib\libc.a(lib_a-int_errno.o)
 .text          0x00011a4c       0x70 c:/altera/13.0/nios2eds/bin/gnu/h-i686-mingw32/bin/../lib/gcc/nios2-elf/4.1.2/../../../../nios2-elf/lib\libc.a(lib_a-isattyr.o)
                0x00011a4c                _isatty_r
 .text          0x00011abc       0x78 c:/altera/13.0/nios2eds/bin/gnu/h-i686-mingw32/bin/../lib/gcc/nios2-elf/4.1.2/../../../../nios2-elf/lib\libc.a(lib_a-lseekr.o)
                0x00011abc                _lseek_r
 .text          0x00011b34       0x78 c:/altera/13.0/nios2eds/bin/gnu/h-i686-mingw32/bin/../lib/gcc/nios2-elf/4.1.2/../../../../nios2-elf/lib\libc.a(lib_a-readr.o)
                0x00011b34                _read_r
 .text          0x00011bac      0x5dc c:/altera/13.0/nios2eds/bin/gnu/h-i686-mingw32/bin/../lib/gcc/nios2-elf/4.1.2\libgcc.a(_udivdi3.o)
                0x00011bac                __udivdi3
 .text          0x00012188      0x5b0 c:/altera/13.0/nios2eds/bin/gnu/h-i686-mingw32/bin/../lib/gcc/nios2-elf/4.1.2\libgcc.a(_umoddi3.o)
                0x00012188                __umoddi3
 .text          0x00012738       0x88 c:/altera/13.0/nios2eds/bin/gnu/h-i686-mingw32/bin/../lib/gcc/nios2-elf/4.1.2\libgcc.a(_eq_df.o)
                0x00012738                __eqdf2
 .text          0x000127c0       0x88 c:/altera/13.0/nios2eds/bin/gnu/h-i686-mingw32/bin/../lib/gcc/nios2-elf/4.1.2\libgcc.a(_ne_df.o)
                0x000127c0                __nedf2
 .text          0x00012848      0x194 c:/altera/13.0/nios2eds/bin/gnu/h-i686-mingw32/bin/../lib/gcc/nios2-elf/4.1.2\libgcc.a(_usi_to_df.o)
                0x00012848                __floatunsidf
 .text          0x000129dc      0x14c c:/altera/13.0/nios2eds/bin/gnu/h-i686-mingw32/bin/../lib/gcc/nios2-elf/4.1.2\libgcc.a(lib2-divmod.o)
                0x00012a58                __divsi3
                0x00012ab8                __modsi3
                0x00012b18                __udivsi3
                0x00012b20                __umodsi3
 .text          0x00012b28      0x15c ../Assignment_One_bsp/\libhal_bsp.a(alt_close.o)
                0x00012b28                close
 .text          0x00012c84       0x2c ../Assignment_One_bsp/\libhal_bsp.a(alt_dev.o)
 .text          0x00012cb0        0x0 ../Assignment_One_bsp/\libhal_bsp.a(alt_errno.o)
 .text          0x00012cb0      0x134 ../Assignment_One_bsp/\libhal_bsp.a(alt_fstat.o)
                0x00012cb0                fstat
 .text          0x00012de4        0x0 ../Assignment_One_bsp/\libhal_bsp.a(alt_irq_handler.o)
 .text          0x00012de4        0x0 ../Assignment_One_bsp/\libhal_bsp.a(alt_irq_vars.o)
 .text          0x00012de4      0x120 ../Assignment_One_bsp/\libhal_bsp.a(alt_isatty.o)
                0x00012de4                isatty
 .text          0x00012f04      0x150 ../Assignment_One_bsp/\libhal_bsp.a(alt_lseek.o)
                0x00012f04                lseek
 .text          0x00013054       0x6c ../Assignment_One_bsp/\libhal_bsp.a(alt_main.o)
                0x00013054                alt_main
 .text          0x000130c0       0x40 ../Assignment_One_bsp/\libhal_bsp.a(alt_malloc_lock.o)
                0x000130c0                __malloc_lock
                0x000130e0                __malloc_unlock
 .text          0x00013100      0x180 ../Assignment_One_bsp/\libhal_bsp.a(alt_read.o)
                0x00013100                read
 .text          0x00013280       0x60 ../Assignment_One_bsp/\libhal_bsp.a(alt_release_fd.o)
                0x00013280                alt_release_fd
 .text          0x000132e0       0xbc ../Assignment_One_bsp/\libhal_bsp.a(alt_sbrk.o)
                0x000132e0                sbrk
 .text          0x0001339c      0x180 ../Assignment_One_bsp/\libhal_bsp.a(alt_write.o)
                0x0001339c                write
 .text          0x0001351c      0x3d8 ../Assignment_One_bsp/\libhal_bsp.a(alt_sys_init.o)
                0x0001351c                alt_irq_init
                0x00013550                alt_sys_init
 .text          0x000138f4      0x8d8 ../Assignment_One_bsp/\libhal_bsp.a(altera_avalon_cfi_flash.o)
                0x000138f4                alt_flash_cfi_init
                0x000139c8                alt_flash_cfi_write
                0x00013c88                alt_flash_cfi_get_info
                0x00013d18                alt_flash_cfi_read
                0x00013d80                alt_write_value_to_flash
                0x00013ee4                alt_flash_program_block
 .text          0x000141cc     0x14a8 ../Assignment_One_bsp/\libhal_bsp.a(altera_avalon_cfi_flash_table.o)
                0x000141cc                alt_read_query_entry_8bit
                0x0001420c                alt_read_query_entry_16bit
                0x00014250                alt_read_query_entry_32bit
                0x00014298                alt_write_flash_command_8bit_device_8bit_mode
                0x000142d4                alt_write_flash_command_16bit_device_8bit_mode
                0x00014350                alt_write_flash_command_32bit_device_8bit_mode
                0x00014398                alt_write_flash_command_16bit_device_16bit_mode
                0x000143dc                alt_write_flash_command_32bit_device_16bit_mode
                0x00014424                alt_write_flash_command_32bit_device_32bit_mode
                0x0001446c                alt_write_native_8bit
                0x000144a0                alt_write_native_16bit
                0x000144d4                alt_write_native_32bit
                0x00014504                alt_set_flash_width_func
                0x000146e4                alt_set_flash_algorithm_func
                0x0001480c                alt_read_cfi_table
                0x00014dec                alt_read_cfi_width
                0x00015598                alt_check_primary_table
 .text          0x00015674      0x148 ../Assignment_One_bsp/\libhal_bsp.a(altera_avalon_jtag_uart_fd.o)
                0x00015674                altera_avalon_jtag_uart_read_fd
                0x000156cc                altera_avalon_jtag_uart_write_fd
                0x00015724                altera_avalon_jtag_uart_close_fd
                0x0001576c                altera_avalon_jtag_uart_ioctl_fd
 .text          0x000157bc      0x408 ../Assignment_One_bsp/\libhal_bsp.a(altera_avalon_jtag_uart_init.o)
                0x000157bc                altera_avalon_jtag_uart_init
                0x00015b50                altera_avalon_jtag_uart_close
 .text          0x00015bc4       0xf4 ../Assignment_One_bsp/\libhal_bsp.a(altera_avalon_jtag_uart_ioctl.o)
                0x00015bc4                altera_avalon_jtag_uart_ioctl
 .text          0x00015cb8      0x224 ../Assignment_One_bsp/\libhal_bsp.a(altera_avalon_jtag_uart_read.o)
                0x00015cb8                altera_avalon_jtag_uart_read
 .text          0x00015edc      0x240 ../Assignment_One_bsp/\libhal_bsp.a(altera_avalon_jtag_uart_write.o)
                0x00015edc                altera_avalon_jtag_uart_write
 .text          0x0001611c      0xee0 ../Assignment_One_bsp/\libhal_bsp.a(altera_avalon_lcd_16207.o)
                0x000168f0                altera_avalon_lcd_16207_write
                0x00016ec0                altera_avalon_lcd_16207_init
 .text          0x00016ffc       0x58 ../Assignment_One_bsp/\libhal_bsp.a(altera_avalon_lcd_16207_fd.o)
                0x00016ffc                altera_avalon_lcd_16207_write_fd
 .text          0x00017054       0xfc ../Assignment_One_bsp/\libhal_bsp.a(altera_avalon_timer_sc.o)
                0x000170c8                alt_avalon_timer_sc_init
 .text          0x00017150       0xf8 ../Assignment_One_bsp/\libhal_bsp.a(altera_avalon_uart_fd.o)
                0x00017150                altera_avalon_uart_read_fd
                0x000171a8                altera_avalon_uart_write_fd
                0x00017200                altera_avalon_uart_close_fd
 .text          0x00017248      0x3fc ../Assignment_One_bsp/\libhal_bsp.a(altera_avalon_uart_init.o)
                0x00017248                altera_avalon_uart_init
                0x000175e4                altera_avalon_uart_close
 .text          0x00017644      0x290 ../Assignment_One_bsp/\libhal_bsp.a(altera_avalon_uart_read.o)
                0x00017644                altera_avalon_uart_read
 .text          0x000178d4      0x228 ../Assignment_One_bsp/\libhal_bsp.a(altera_avalon_uart_write.o)
                0x000178d4                altera_avalon_uart_write
 .text          0x00017afc      0x700 ../Assignment_One_bsp/\libhal_bsp.a(altera_up_avalon_ps2.o)
                0x00017afc                read_RI_bit
                0x00017b30                read_RE_bit
                0x00017b60                read_CE_bit
                0x00017b94                read_num_bytes_available
                0x00017bc8                read_data_valid
                0x00017bfc                read_data_byte
                0x00017c28                alt_up_ps2_init
                0x00017cf4                alt_up_ps2_enable_read_interrupt
                0x00017d48                alt_up_ps2_disable_read_interrupt
                0x00017da0                alt_up_ps2_write_data_byte
                0x00017e18                alt_up_ps2_wait_for_ack
                0x00017e88                alt_up_ps2_write_data_byte_with_ack
                0x00017ef4                alt_up_ps2_read_data_byte_timeout
                0x00017fa4                alt_up_ps2_read_data_byte
                0x00018020                alt_up_ps2_clear_fifo
                0x00018078                alt_up_ps2_read_fd
                0x00018114                alt_up_ps2_write_fd
                0x000181bc                alt_up_ps2_open_dev
 .text          0x000181fc      0x304 ../Assignment_One_bsp/\libhal_bsp.a(altera_up_avalon_video_character_buffer_with_dma.o)
                0x000181fc                alt_up_char_buffer_init
                0x00018280                alt_up_char_buffer_open_dev
                0x000182c0                alt_up_char_buffer_draw
                0x00018390                alt_up_char_buffer_string
                0x000184a4                alt_up_char_buffer_clear
 .text          0x00018500     0x156c ../Assignment_One_bsp/\libhal_bsp.a(altera_up_avalon_video_pixel_buffer_dma.o)
                0x00018500                alt_up_pixel_buffer_dma_open_dev
                0x00018540                alt_up_pixel_buffer_dma_draw
                0x000186e0                alt_up_pixel_buffer_dma_change_back_buffer_address
                0x00018738                alt_up_pixel_buffer_dma_swap_buffers
                0x00018790                alt_up_pixel_buffer_dma_check_swap_buffers_status
                0x000187c4                alt_up_pixel_buffer_dma_clear_screen
                0x00018928                alt_up_pixel_buffer_dma_draw_box
                0x00018e1c                alt_up_pixel_buffer_dma_draw_hline
                0x0001916c                alt_up_pixel_buffer_dma_draw_vline
                0x0001953c                alt_up_pixel_buffer_dma_draw_rectangle
                0x00019600                helper_plot_pixel
                0x000196d0                alt_up_pixel_buffer_dma_draw_line
 .text          0x00019a6c      0x5e0 ../Assignment_One_bsp/\libhal_bsp.a(altera_up_ps2_keyboard.o)
                0x00019a6c                get_multi_byte_make_code_index
                0x00019ae4                get_single_byte_make_code_index
                0x00019b5c                get_next_state
                0x00019db8                decode_scancode
                0x00019e64                set_keyboard_rate
                0x00019ec4                translate_make_code
                0x00019fcc                reset_keyboard
 .text          0x0001a04c      0x154 ../Assignment_One_bsp/\libhal_bsp.a(alt_alarm_start.o)
                0x0001a04c                alt_alarm_start
 .text          0x0001a1a0       0x78 ../Assignment_One_bsp/\libhal_bsp.a(alt_dcache_flush.o)
                0x0001a1a0                alt_dcache_flush
 .text          0x0001a218      0x114 ../Assignment_One_bsp/\libhal_bsp.a(alt_dev_llist_insert.o)
                0x0001a218                alt_dev_llist_insert
 .text          0x0001a32c       0x64 ../Assignment_One_bsp/\libhal_bsp.a(alt_do_ctors.o)
                0x0001a32c                _do_ctors
 .text          0x0001a390       0x64 ../Assignment_One_bsp/\libhal_bsp.a(alt_do_dtors.o)
                0x0001a390                _do_dtors
 .text          0x0001a3f4       0x94 ../Assignment_One_bsp/\libhal_bsp.a(alt_find_dev.o)
                0x0001a3f4                alt_find_dev
 .text          0x0001a488       0xd0 ../Assignment_One_bsp/\libhal_bsp.a(alt_flash_dev.o)
                0x0001a488                alt_flash_open_dev
                0x0001a504                alt_flash_close_dev
 .text          0x0001a558      0x13c ../Assignment_One_bsp/\libhal_bsp.a(alt_io_redirect.o)
                0x0001a61c                alt_io_redirect
 .text          0x0001a694      0x2c4 ../Assignment_One_bsp/\libhal_bsp.a(alt_open.o)
                0x0001a770                open
 .text          0x0001a958      0x1a4 ../Assignment_One_bsp/\libhal_bsp.a(alt_tick.o)
                0x0001a958                alt_alarm_stop
                0x0001a9f0                alt_tick
 .text          0x0001aafc       0x30 ../Assignment_One_bsp/\libhal_bsp.a(alt_usleep.o)
                0x0001aafc                usleep
 .text          0x0001ab2c       0x20 ../Assignment_One_bsp/\libhal_bsp.a(altera_nios2_qsys_irq.o)
                0x0001ab2c                altera_nios2_qsys_irq_init
 .text          0x0001ab4c      0x460 ../Assignment_One_bsp/\libhal_bsp.a(altera_avalon_cfi_flash_amd.o)
                0x0001ab4c                alt_program_amd
                0x0001abb4                alt_erase_block_amd
 .text          0x0001afac      0x460 ../Assignment_One_bsp/\libhal_bsp.a(altera_avalon_cfi_flash_intel.o)
                0x0001afac                alt_program_intel
                0x0001b030                alt_erase_block_intel
 .text          0x0001b40c      0x12c ../Assignment_One_bsp/\libhal_bsp.a(alt_busy_sleep.o)
                0x0001b40c                alt_busy_sleep
 .text          0x0001b538      0x120 ../Assignment_One_bsp/\libhal_bsp.a(alt_find_file.o)
                0x0001b538                alt_find_file
 .text          0x0001b658       0xb8 ../Assignment_One_bsp/\libhal_bsp.a(alt_get_fd.o)
                0x0001b658                alt_get_fd
 .text          0x0001b710       0x14 c:/altera/13.0/nios2eds/bin/gnu/h-i686-mingw32/bin/../lib/gcc/nios2-elf/4.1.2/../../../../nios2-elf/lib\libc.a(lib_a-atexit.o)
                0x0001b710                atexit
 .text          0x0001b724        0x0 c:/altera/13.0/nios2eds/bin/gnu/h-i686-mingw32/bin/../lib/gcc/nios2-elf/4.1.2/../../../../nios2-elf/lib\libc.a(lib_a-ctype_.o)
 .text          0x0001b724       0x38 c:/altera/13.0/nios2eds/bin/gnu/h-i686-mingw32/bin/../lib/gcc/nios2-elf/4.1.2/../../../../nios2-elf/lib\libc.a(lib_a-exit.o)
                0x0001b724                exit
 .text          0x0001b75c      0x134 c:/altera/13.0/nios2eds/bin/gnu/h-i686-mingw32/bin/../lib/gcc/nios2-elf/4.1.2/../../../../nios2-elf/lib\libc.a(lib_a-__atexit.o)
                0x0001b75c                __register_exitproc
 .text          0x0001b890      0x1b4 c:/altera/13.0/nios2eds/bin/gnu/h-i686-mingw32/bin/../lib/gcc/nios2-elf/4.1.2/../../../../nios2-elf/lib\libc.a(lib_a-__call_atexit.o)
                0x0001b894                __call_exitprocs
 .text          0x0001ba44       0x60 ../Assignment_One_bsp/\libhal_bsp.a(alt_exit.o)
                0x0001ba84                _exit
 *(.gnu.warning.*)
 *(.fini)
                0x0001baa4                PROVIDE (__etext, ABSOLUTE (.))
                0x0001baa4                PROVIDE (_etext, ABSOLUTE (.))
                0x0001baa4                PROVIDE (etext, ABSOLUTE (.))
 *(.eh_frame_hdr)
                0x0001baa4                . = ALIGN (0x4)
                0x0001baa4                PROVIDE (__preinit_array_start, ABSOLUTE (.))
 *(.preinit_array)
                0x0001baa4                PROVIDE (__preinit_array_end, ABSOLUTE (.))
                0x0001baa4                PROVIDE (__init_array_start, ABSOLUTE (.))
 *(.init_array)
                0x0001baa4                PROVIDE (__init_array_end, ABSOLUTE (.))
                0x0001baa4                PROVIDE (__fini_array_start, ABSOLUTE (.))
 *(.fini_array)
                0x0001baa4                PROVIDE (__fini_array_end, ABSOLUTE (.))
 *(.eh_frame)
 *(.gcc_except_table)
 *(.dynamic)
                0x0001baa4                PROVIDE (__CTOR_LIST__, ABSOLUTE (.))
 *(.ctors)
 *(SORT(.ctors.*))
 .ctors.65535   0x0001baa4        0x4 c:/altera/13.0/nios2eds/bin/gnu/h-i686-mingw32/bin/../lib/gcc/nios2-elf/4.1.2/../../../../nios2-elf/lib\libc.a(lib_a-__call_atexit.o)
                0x0001baa8                PROVIDE (__CTOR_END__, ABSOLUTE (.))
                0x0001baa8                PROVIDE (__DTOR_LIST__, ABSOLUTE (.))
 *(.dtors)
 *(SORT(.dtors.*))
                0x0001baa8                PROVIDE (__DTOR_END__, ABSOLUTE (.))
 *(.jcr)
                0x0001baa8                . = ALIGN (0x4)

.rodata         0x08000000      0xd84
                0x08000000                PROVIDE (__ram_rodata_start, ABSOLUTE (.))
                0x08000000                . = ALIGN (0x4)
 *(.rodata .rodata.* .gnu.linkonce.r.*)
 .rodata        0x08000000       0x50 obj/default/FSM.o
 .rodata        0x08000050       0x34 obj/default/FreeRTOS/port.o
 .rodata        0x08000084       0x1c obj/default/FreeRTOS/tasks.o
 .rodata        0x080000a0        0x8 obj/default/FreeRTOS/timers.o
 .rodata        0x080000a8      0x414 obj/default/freq_relay_ass1.o
 .rodata        0x080004bc       0x10 c:/altera/13.0/nios2eds/bin/gnu/h-i686-mingw32/bin/../lib/gcc/nios2-elf/4.1.2\libgcc.a(_thenan_sf.o)
                0x080004bc                __thenan_sf
 .rodata        0x080004cc       0x14 c:/altera/13.0/nios2eds/bin/gnu/h-i686-mingw32/bin/../lib/gcc/nios2-elf/4.1.2\libgcc.a(_thenan_df.o)
                0x080004cc                __thenan_df
 .rodata        0x080004e0      0x100 c:/altera/13.0/nios2eds/bin/gnu/h-i686-mingw32/bin/../lib/gcc/nios2-elf/4.1.2\libgcc.a(_clz.o)
                0x080004e0                __clz_tab
 .rodata.str1.4
                0x080005e0        0x2 c:/altera/13.0/nios2eds/bin/gnu/h-i686-mingw32/bin/../lib/gcc/nios2-elf/4.1.2/../../../../nios2-elf/lib\libc.a(lib_a-impure.o)
                                  0x4 (size before relaxing)
 *fill*         0x080005e2        0x2 00
 .rodata.str1.4
                0x080005e4        0x2 c:/altera/13.0/nios2eds/bin/gnu/h-i686-mingw32/bin/../lib/gcc/nios2-elf/4.1.2/../../../../nios2-elf/lib\libc.a(lib_a-puts.o)
                                  0x4 (size before relaxing)
 *fill*         0x080005e6        0x2 00
 .rodata.str1.4
                0x080005e8       0x5e c:/altera/13.0/nios2eds/bin/gnu/h-i686-mingw32/bin/../lib/gcc/nios2-elf/4.1.2/../../../../nios2-elf/lib\libc.a(lib_a-vfprintf.o)
                                 0x60 (size before relaxing)
 *fill*         0x08000646        0x2 00
 .rodata        0x08000648       0x20 c:/altera/13.0/nios2eds/bin/gnu/h-i686-mingw32/bin/../lib/gcc/nios2-elf/4.1.2/../../../../nios2-elf/lib\libc.a(lib_a-vfprintf.o)
 .rodata.str1.4
                0x08000668       0x10 c:/altera/13.0/nios2eds/bin/gnu/h-i686-mingw32/bin/../lib/gcc/nios2-elf/4.1.2/../../../../nios2-elf/lib\libc.a(lib_a-dtoa.o)
                                 0x14 (size before relaxing)
 .rodata.str1.4
                0x08000678       0x10 c:/altera/13.0/nios2eds/bin/gnu/h-i686-mingw32/bin/../lib/gcc/nios2-elf/4.1.2/../../../../nios2-elf/lib\libc.a(lib_a-locale.o)
                                 0x18 (size before relaxing)
 .rodata        0x08000688       0x30 c:/altera/13.0/nios2eds/bin/gnu/h-i686-mingw32/bin/../lib/gcc/nios2-elf/4.1.2/../../../../nios2-elf/lib\libc.a(lib_a-locale.o)
 .rodata        0x080006b8      0x124 c:/altera/13.0/nios2eds/bin/gnu/h-i686-mingw32/bin/../lib/gcc/nios2-elf/4.1.2/../../../../nios2-elf/lib\libc.a(lib_a-mprec.o)
                0x080006b8                __mprec_tens
                0x08000780                __mprec_bigtens
                0x080007a8                __mprec_tinytens
 .rodata        0x080007dc        0xc ../Assignment_One_bsp/\libhal_bsp.a(alt_dev.o)
 .rodata        0x080007e8       0x10 ../Assignment_One_bsp/\libhal_bsp.a(alt_main.o)
 .rodata        0x080007f8       0xb0 ../Assignment_One_bsp/\libhal_bsp.a(alt_sys_init.o)
 .rodata        0x080008a8       0x1c ../Assignment_One_bsp/\libhal_bsp.a(altera_up_avalon_video_character_buffer_with_dma.o)
 .rodata        0x080008c4      0x23c ../Assignment_One_bsp/\libhal_bsp.a(altera_up_ps2_keyboard.o)
 .rodata        0x08000b00      0x284 c:/altera/13.0/nios2eds/bin/gnu/h-i686-mingw32/bin/../lib/gcc/nios2-elf/4.1.2/../../../../nios2-elf/lib\libc.a(lib_a-ctype_.o)
                0x08000b00                _ctype_
 *(.rodata1)
                0x08000d84                . = ALIGN (0x4)
                0x08000d84                PROVIDE (__ram_rodata_end, ABSOLUTE (.))
                0x08000000                PROVIDE (__flash_rodata_start, LOADADDR (.rodata))

.rwdata         0x08000d84     0x2144
                0x08000d84                PROVIDE (__ram_rwdata_start, ABSOLUTE (.))
                0x08000d84                . = ALIGN (0x4)
 *(.got.plt)
 *(.got)
 *(.data1)
 *(.data .data.* .gnu.linkonce.d.*)
 .data          0x08000d84        0x0 ../Assignment_One_bsp//obj/HAL/src/crt0.o
 .data          0x08000d84        0xc obj/default/FSM.o
 .data          0x08000d90        0x0 obj/default/FreeRTOS/croutine.o
 .data          0x08000d90        0x0 obj/default/FreeRTOS/event_groups.o
 .data          0x08000d90        0x0 obj/default/FreeRTOS/heap.o
 .data          0x08000d90        0x0 obj/default/FreeRTOS/list.o
 .data          0x08000d90        0x0 obj/default/FreeRTOS/port.o
 .data          0x08000d90        0x0 obj/default/FreeRTOS/queue.o
 .data          0x08000d90        0x0 obj/default/FreeRTOS/tasks.o
 .data          0x08000d90        0x0 obj/default/FreeRTOS/timers.o
 .data          0x08000d90       0x50 obj/default/freq_relay_ass1.o
                0x08000d9c                minTime
                0x08000db0                STATE_MATRIX
 .data          0x08000de0        0x0 obj/default/FreeRTOS/port_asm.o
 .data          0x08000de0        0x0 c:/altera/13.0/nios2eds/bin/gnu/h-i686-mingw32/bin/../lib/gcc/nios2-elf/4.1.2\libgcc.a(_addsub_sf.o)
 .data          0x08000de0        0x0 c:/altera/13.0/nios2eds/bin/gnu/h-i686-mingw32/bin/../lib/gcc/nios2-elf/4.1.2\libgcc.a(_sf_to_df.o)
 .data          0x08000de0        0x0 c:/altera/13.0/nios2eds/bin/gnu/h-i686-mingw32/bin/../lib/gcc/nios2-elf/4.1.2\libgcc.a(_thenan_sf.o)
 .data          0x08000de0        0x0 c:/altera/13.0/nios2eds/bin/gnu/h-i686-mingw32/bin/../lib/gcc/nios2-elf/4.1.2\libgcc.a(_addsub_df.o)
 .data          0x08000de0        0x0 c:/altera/13.0/nios2eds/bin/gnu/h-i686-mingw32/bin/../lib/gcc/nios2-elf/4.1.2\libgcc.a(_mul_df.o)
 .data          0x08000de0        0x0 c:/altera/13.0/nios2eds/bin/gnu/h-i686-mingw32/bin/../lib/gcc/nios2-elf/4.1.2\libgcc.a(_div_df.o)
 .data          0x08000de0        0x0 c:/altera/13.0/nios2eds/bin/gnu/h-i686-mingw32/bin/../lib/gcc/nios2-elf/4.1.2\libgcc.a(_gt_df.o)
 .data          0x08000de0        0x0 c:/altera/13.0/nios2eds/bin/gnu/h-i686-mingw32/bin/../lib/gcc/nios2-elf/4.1.2\libgcc.a(_ge_df.o)
 .data          0x08000de0        0x0 c:/altera/13.0/nios2eds/bin/gnu/h-i686-mingw32/bin/../lib/gcc/nios2-elf/4.1.2\libgcc.a(_lt_df.o)
 .data          0x08000de0        0x0 c:/altera/13.0/nios2eds/bin/gnu/h-i686-mingw32/bin/../lib/gcc/nios2-elf/4.1.2\libgcc.a(_le_df.o)
 .data          0x08000de0        0x0 c:/altera/13.0/nios2eds/bin/gnu/h-i686-mingw32/bin/../lib/gcc/nios2-elf/4.1.2\libgcc.a(_si_to_df.o)
 .data          0x08000de0        0x0 c:/altera/13.0/nios2eds/bin/gnu/h-i686-mingw32/bin/../lib/gcc/nios2-elf/4.1.2\libgcc.a(_df_to_si.o)
 .data          0x08000de0        0x0 c:/altera/13.0/nios2eds/bin/gnu/h-i686-mingw32/bin/../lib/gcc/nios2-elf/4.1.2\libgcc.a(_make_df.o)
 .data          0x08000de0        0x0 c:/altera/13.0/nios2eds/bin/gnu/h-i686-mingw32/bin/../lib/gcc/nios2-elf/4.1.2\libgcc.a(_df_to_sf.o)
 .data          0x08000de0        0x0 c:/altera/13.0/nios2eds/bin/gnu/h-i686-mingw32/bin/../lib/gcc/nios2-elf/4.1.2\libgcc.a(_thenan_df.o)
 .data          0x08000de0        0x0 c:/altera/13.0/nios2eds/bin/gnu/h-i686-mingw32/bin/../lib/gcc/nios2-elf/4.1.2\libgcc.a(_muldi3.o)
 .data          0x08000de0        0x0 c:/altera/13.0/nios2eds/bin/gnu/h-i686-mingw32/bin/../lib/gcc/nios2-elf/4.1.2\libgcc.a(_clzsi2.o)
 .data          0x08000de0        0x0 c:/altera/13.0/nios2eds/bin/gnu/h-i686-mingw32/bin/../lib/gcc/nios2-elf/4.1.2\libgcc.a(_pack_sf.o)
 .data          0x08000de0        0x0 c:/altera/13.0/nios2eds/bin/gnu/h-i686-mingw32/bin/../lib/gcc/nios2-elf/4.1.2\libgcc.a(_unpack_sf.o)
 .data          0x08000de0        0x0 c:/altera/13.0/nios2eds/bin/gnu/h-i686-mingw32/bin/../lib/gcc/nios2-elf/4.1.2\libgcc.a(_make_sf.o)
 .data          0x08000de0        0x0 c:/altera/13.0/nios2eds/bin/gnu/h-i686-mingw32/bin/../lib/gcc/nios2-elf/4.1.2\libgcc.a(_pack_df.o)
 .data          0x08000de0        0x0 c:/altera/13.0/nios2eds/bin/gnu/h-i686-mingw32/bin/../lib/gcc/nios2-elf/4.1.2\libgcc.a(_unpack_df.o)
 .data          0x08000de0        0x0 c:/altera/13.0/nios2eds/bin/gnu/h-i686-mingw32/bin/../lib/gcc/nios2-elf/4.1.2\libgcc.a(_fpcmp_parts_df.o)
 .data          0x08000de0        0x0 c:/altera/13.0/nios2eds/bin/gnu/h-i686-mingw32/bin/../lib/gcc/nios2-elf/4.1.2\libgcc.a(_clz.o)
 .data          0x08000de0        0x0 c:/altera/13.0/nios2eds/bin/gnu/h-i686-mingw32/bin/../lib/gcc/nios2-elf/4.1.2/../../../../nios2-elf/lib\libc.a(lib_a-efgcvt.o)
 .data          0x08000de0      0x400 c:/altera/13.0/nios2eds/bin/gnu/h-i686-mingw32/bin/../lib/gcc/nios2-elf/4.1.2/../../../../nios2-elf/lib\libc.a(lib_a-impure.o)
 .data          0x080011e0        0x0 c:/altera/13.0/nios2eds/bin/gnu/h-i686-mingw32/bin/../lib/gcc/nios2-elf/4.1.2/../../../../nios2-elf/lib\libc.a(lib_a-memcmp.o)
 .data          0x080011e0        0x0 c:/altera/13.0/nios2eds/bin/gnu/h-i686-mingw32/bin/../lib/gcc/nios2-elf/4.1.2/../../../../nios2-elf/lib\libc.a(lib_a-memcpy.o)
 .data          0x080011e0        0x0 c:/altera/13.0/nios2eds/bin/gnu/h-i686-mingw32/bin/../lib/gcc/nios2-elf/4.1.2/../../../../nios2-elf/lib\libc.a(lib_a-memset.o)
 .data          0x080011e0        0x0 c:/altera/13.0/nios2eds/bin/gnu/h-i686-mingw32/bin/../lib/gcc/nios2-elf/4.1.2/../../../../nios2-elf/lib\libc.a(lib_a-printf.o)
 .data          0x080011e0        0x0 c:/altera/13.0/nios2eds/bin/gnu/h-i686-mingw32/bin/../lib/gcc/nios2-elf/4.1.2/../../../../nios2-elf/lib\libc.a(lib_a-puts.o)
 .data          0x080011e0        0x0 c:/altera/13.0/nios2eds/bin/gnu/h-i686-mingw32/bin/../lib/gcc/nios2-elf/4.1.2/../../../../nios2-elf/lib\libc.a(lib_a-sprintf.o)
 .data          0x080011e0        0x0 c:/altera/13.0/nios2eds/bin/gnu/h-i686-mingw32/bin/../lib/gcc/nios2-elf/4.1.2/../../../../nios2-elf/lib\libc.a(lib_a-strlen.o)
 .data          0x080011e0        0x0 c:/altera/13.0/nios2eds/bin/gnu/h-i686-mingw32/bin/../lib/gcc/nios2-elf/4.1.2/../../../../nios2-elf/lib\libc.a(lib_a-vfprintf.o)
 .data          0x080011e0        0x0 c:/altera/13.0/nios2eds/bin/gnu/h-i686-mingw32/bin/../lib/gcc/nios2-elf/4.1.2/../../../../nios2-elf/lib\libc.a(lib_a-wsetup.o)
 .data          0x080011e0        0x0 c:/altera/13.0/nios2eds/bin/gnu/h-i686-mingw32/bin/../lib/gcc/nios2-elf/4.1.2/../../../../nios2-elf/lib\libc.a(lib_a-dtoa.o)
 .data          0x080011e0        0x0 c:/altera/13.0/nios2eds/bin/gnu/h-i686-mingw32/bin/../lib/gcc/nios2-elf/4.1.2/../../../../nios2-elf/lib\libc.a(lib_a-ecvtbuf.o)
 .data          0x080011e0        0x0 c:/altera/13.0/nios2eds/bin/gnu/h-i686-mingw32/bin/../lib/gcc/nios2-elf/4.1.2/../../../../nios2-elf/lib\libc.a(lib_a-fflush.o)
 .data          0x080011e0        0x0 c:/altera/13.0/nios2eds/bin/gnu/h-i686-mingw32/bin/../lib/gcc/nios2-elf/4.1.2/../../../../nios2-elf/lib\libc.a(lib_a-findfp.o)
 .data          0x080011e0        0x0 c:/altera/13.0/nios2eds/bin/gnu/h-i686-mingw32/bin/../lib/gcc/nios2-elf/4.1.2/../../../../nios2-elf/lib\libc.a(lib_a-freer.o)
 .data          0x080011e0        0x0 c:/altera/13.0/nios2eds/bin/gnu/h-i686-mingw32/bin/../lib/gcc/nios2-elf/4.1.2/../../../../nios2-elf/lib\libc.a(lib_a-fvwrite.o)
 .data          0x080011e0        0x0 c:/altera/13.0/nios2eds/bin/gnu/h-i686-mingw32/bin/../lib/gcc/nios2-elf/4.1.2/../../../../nios2-elf/lib\libc.a(lib_a-fwalk.o)
 .data          0x080011e0        0xc c:/altera/13.0/nios2eds/bin/gnu/h-i686-mingw32/bin/../lib/gcc/nios2-elf/4.1.2/../../../../nios2-elf/lib\libc.a(lib_a-locale.o)
                0x080011e0                __lc_ctype
 .data          0x080011ec        0x0 c:/altera/13.0/nios2eds/bin/gnu/h-i686-mingw32/bin/../lib/gcc/nios2-elf/4.1.2/../../../../nios2-elf/lib\libc.a(lib_a-makebuf.o)
 .data          0x080011ec      0x408 c:/altera/13.0/nios2eds/bin/gnu/h-i686-mingw32/bin/../lib/gcc/nios2-elf/4.1.2/../../../../nios2-elf/lib\libc.a(lib_a-mallocr.o)
                0x080011ec                __malloc_av_
 .data          0x080015f4        0x0 c:/altera/13.0/nios2eds/bin/gnu/h-i686-mingw32/bin/../lib/gcc/nios2-elf/4.1.2/../../../../nios2-elf/lib\libc.a(lib_a-memchr.o)
 .data          0x080015f4        0x0 c:/altera/13.0/nios2eds/bin/gnu/h-i686-mingw32/bin/../lib/gcc/nios2-elf/4.1.2/../../../../nios2-elf/lib\libc.a(lib_a-memmove.o)
 .data          0x080015f4        0x0 c:/altera/13.0/nios2eds/bin/gnu/h-i686-mingw32/bin/../lib/gcc/nios2-elf/4.1.2/../../../../nios2-elf/lib\libc.a(lib_a-mprec.o)
 .data          0x080015f4        0x0 c:/altera/13.0/nios2eds/bin/gnu/h-i686-mingw32/bin/../lib/gcc/nios2-elf/4.1.2/../../../../nios2-elf/lib\libc.a(lib_a-reallocr.o)
 .data          0x080015f4        0x0 c:/altera/13.0/nios2eds/bin/gnu/h-i686-mingw32/bin/../lib/gcc/nios2-elf/4.1.2/../../../../nios2-elf/lib\libc.a(lib_a-s_isinfd.o)
 .data          0x080015f4        0x0 c:/altera/13.0/nios2eds/bin/gnu/h-i686-mingw32/bin/../lib/gcc/nios2-elf/4.1.2/../../../../nios2-elf/lib\libc.a(lib_a-s_isnand.o)
 .data          0x080015f4        0x0 c:/altera/13.0/nios2eds/bin/gnu/h-i686-mingw32/bin/../lib/gcc/nios2-elf/4.1.2/../../../../nios2-elf/lib\libc.a(lib_a-sbrkr.o)
 .data          0x080015f4        0x0 c:/altera/13.0/nios2eds/bin/gnu/h-i686-mingw32/bin/../lib/gcc/nios2-elf/4.1.2/../../../../nios2-elf/lib\libc.a(lib_a-stdio.o)
 .data          0x080015f4        0x0 c:/altera/13.0/nios2eds/bin/gnu/h-i686-mingw32/bin/../lib/gcc/nios2-elf/4.1.2/../../../../nios2-elf/lib\libc.a(lib_a-strcmp.o)
 .data          0x080015f4        0x0 c:/altera/13.0/nios2eds/bin/gnu/h-i686-mingw32/bin/../lib/gcc/nios2-elf/4.1.2/../../../../nios2-elf/lib\libc.a(lib_a-strcpy.o)
 .data          0x080015f4        0x0 c:/altera/13.0/nios2eds/bin/gnu/h-i686-mingw32/bin/../lib/gcc/nios2-elf/4.1.2/../../../../nios2-elf/lib\libc.a(lib_a-writer.o)
 .data          0x080015f4        0x0 c:/altera/13.0/nios2eds/bin/gnu/h-i686-mingw32/bin/../lib/gcc/nios2-elf/4.1.2/../../../../nios2-elf/lib\libc.a(lib_a-callocr.o)
 .data          0x080015f4        0x0 c:/altera/13.0/nios2eds/bin/gnu/h-i686-mingw32/bin/../lib/gcc/nios2-elf/4.1.2/../../../../nios2-elf/lib\libc.a(lib_a-closer.o)
 .data          0x080015f4        0x0 c:/altera/13.0/nios2eds/bin/gnu/h-i686-mingw32/bin/../lib/gcc/nios2-elf/4.1.2/../../../../nios2-elf/lib\libc.a(lib_a-fclose.o)
 .data          0x080015f4        0x0 c:/altera/13.0/nios2eds/bin/gnu/h-i686-mingw32/bin/../lib/gcc/nios2-elf/4.1.2/../../../../nios2-elf/lib\libc.a(lib_a-fstatr.o)
 .data          0x080015f4        0x0 c:/altera/13.0/nios2eds/bin/gnu/h-i686-mingw32/bin/../lib/gcc/nios2-elf/4.1.2/../../../../nios2-elf/lib\libc.a(lib_a-int_errno.o)
 .data          0x080015f4        0x0 c:/altera/13.0/nios2eds/bin/gnu/h-i686-mingw32/bin/../lib/gcc/nios2-elf/4.1.2/../../../../nios2-elf/lib\libc.a(lib_a-isattyr.o)
 .data          0x080015f4        0x0 c:/altera/13.0/nios2eds/bin/gnu/h-i686-mingw32/bin/../lib/gcc/nios2-elf/4.1.2/../../../../nios2-elf/lib\libc.a(lib_a-lseekr.o)
 .data          0x080015f4        0x0 c:/altera/13.0/nios2eds/bin/gnu/h-i686-mingw32/bin/../lib/gcc/nios2-elf/4.1.2/../../../../nios2-elf/lib\libc.a(lib_a-readr.o)
 .data          0x080015f4        0x0 c:/altera/13.0/nios2eds/bin/gnu/h-i686-mingw32/bin/../lib/gcc/nios2-elf/4.1.2\libgcc.a(_udivdi3.o)
 .data          0x080015f4        0x0 c:/altera/13.0/nios2eds/bin/gnu/h-i686-mingw32/bin/../lib/gcc/nios2-elf/4.1.2\libgcc.a(_umoddi3.o)
 .data          0x080015f4        0x0 c:/altera/13.0/nios2eds/bin/gnu/h-i686-mingw32/bin/../lib/gcc/nios2-elf/4.1.2\libgcc.a(_eq_df.o)
 .data          0x080015f4        0x0 c:/altera/13.0/nios2eds/bin/gnu/h-i686-mingw32/bin/../lib/gcc/nios2-elf/4.1.2\libgcc.a(_ne_df.o)
 .data          0x080015f4        0x0 c:/altera/13.0/nios2eds/bin/gnu/h-i686-mingw32/bin/../lib/gcc/nios2-elf/4.1.2\libgcc.a(_usi_to_df.o)
 .data          0x080015f4        0x0 c:/altera/13.0/nios2eds/bin/gnu/h-i686-mingw32/bin/../lib/gcc/nios2-elf/4.1.2\libgcc.a(lib2-divmod.o)
 .data          0x080015f4        0x0 ../Assignment_One_bsp/\libhal_bsp.a(alt_close.o)
 .data          0x080015f4      0x1a8 ../Assignment_One_bsp/\libhal_bsp.a(alt_dev.o)
                0x080015f4                alt_dev_null
                0x0800161c                alt_fd_list
 .data          0x0800179c        0x0 ../Assignment_One_bsp/\libhal_bsp.a(alt_errno.o)
 .data          0x0800179c        0x0 ../Assignment_One_bsp/\libhal_bsp.a(alt_fstat.o)
 .data          0x0800179c        0x0 ../Assignment_One_bsp/\libhal_bsp.a(alt_irq_handler.o)
 .data          0x0800179c        0x0 ../Assignment_One_bsp/\libhal_bsp.a(alt_irq_vars.o)
 .data          0x0800179c        0x0 ../Assignment_One_bsp/\libhal_bsp.a(alt_isatty.o)
 .data          0x0800179c        0x0 ../Assignment_One_bsp/\libhal_bsp.a(alt_lseek.o)
 .data          0x0800179c        0x0 ../Assignment_One_bsp/\libhal_bsp.a(alt_main.o)
 .data          0x0800179c        0x0 ../Assignment_One_bsp/\libhal_bsp.a(alt_malloc_lock.o)
 .data          0x0800179c        0x0 ../Assignment_One_bsp/\libhal_bsp.a(alt_read.o)
 .data          0x0800179c        0x0 ../Assignment_One_bsp/\libhal_bsp.a(alt_release_fd.o)
 .data          0x0800179c        0x0 ../Assignment_One_bsp/\libhal_bsp.a(alt_sbrk.o)
 .data          0x0800179c        0x0 ../Assignment_One_bsp/\libhal_bsp.a(alt_write.o)
 .data          0x0800179c     0x13f0 ../Assignment_One_bsp/\libhal_bsp.a(alt_sys_init.o)
 .data          0x08002b8c        0x0 ../Assignment_One_bsp/\libhal_bsp.a(altera_avalon_cfi_flash.o)
 .data          0x08002b8c        0x0 ../Assignment_One_bsp/\libhal_bsp.a(altera_avalon_cfi_flash_table.o)
 .data          0x08002b8c        0x0 ../Assignment_One_bsp/\libhal_bsp.a(altera_avalon_jtag_uart_fd.o)
 .data          0x08002b8c        0x0 ../Assignment_One_bsp/\libhal_bsp.a(altera_avalon_jtag_uart_init.o)
 .data          0x08002b8c        0x0 ../Assignment_One_bsp/\libhal_bsp.a(altera_avalon_jtag_uart_ioctl.o)
 .data          0x08002b8c        0x0 ../Assignment_One_bsp/\libhal_bsp.a(altera_avalon_jtag_uart_read.o)
 .data          0x08002b8c        0x0 ../Assignment_One_bsp/\libhal_bsp.a(altera_avalon_jtag_uart_write.o)
 .data          0x08002b8c        0x0 ../Assignment_One_bsp/\libhal_bsp.a(altera_avalon_lcd_16207.o)
 .data          0x08002b8c        0x0 ../Assignment_One_bsp/\libhal_bsp.a(altera_avalon_lcd_16207_fd.o)
 .data          0x08002b8c        0x0 ../Assignment_One_bsp/\libhal_bsp.a(altera_avalon_timer_sc.o)
 .data          0x08002b8c        0x0 ../Assignment_One_bsp/\libhal_bsp.a(altera_avalon_uart_fd.o)
 .data          0x08002b8c        0x0 ../Assignment_One_bsp/\libhal_bsp.a(altera_avalon_uart_init.o)
 .data          0x08002b8c        0x0 ../Assignment_One_bsp/\libhal_bsp.a(altera_avalon_uart_read.o)
 .data          0x08002b8c        0x0 ../Assignment_One_bsp/\libhal_bsp.a(altera_avalon_uart_write.o)
 .data          0x08002b8c        0x0 ../Assignment_One_bsp/\libhal_bsp.a(altera_up_avalon_ps2.o)
 .data          0x08002b8c        0x0 ../Assignment_One_bsp/\libhal_bsp.a(altera_up_avalon_video_character_buffer_with_dma.o)
 .data          0x08002b8c        0x0 ../Assignment_One_bsp/\libhal_bsp.a(altera_up_avalon_video_pixel_buffer_dma.o)
 .data          0x08002b8c      0x2d0 ../Assignment_One_bsp/\libhal_bsp.a(altera_up_ps2_keyboard.o)
                0x08002b8c                key_table
                0x08002d24                ascii_codes
                0x08002d8c                single_byte_make_code
                0x08002df4                multi_byte_make_code
 .data          0x08002e5c        0x0 ../Assignment_One_bsp/\libhal_bsp.a(alt_alarm_start.o)
 .data          0x08002e5c        0x0 ../Assignment_One_bsp/\libhal_bsp.a(alt_dcache_flush.o)
 .data          0x08002e5c        0x0 ../Assignment_One_bsp/\libhal_bsp.a(alt_dev_llist_insert.o)
 .data          0x08002e5c        0x0 ../Assignment_One_bsp/\libhal_bsp.a(alt_do_ctors.o)
 .data          0x08002e5c        0x0 ../Assignment_One_bsp/\libhal_bsp.a(alt_do_dtors.o)
 .data          0x08002e5c        0x0 ../Assignment_One_bsp/\libhal_bsp.a(alt_find_dev.o)
 .data          0x08002e5c        0x0 ../Assignment_One_bsp/\libhal_bsp.a(alt_flash_dev.o)
 .data          0x08002e5c        0x0 ../Assignment_One_bsp/\libhal_bsp.a(alt_io_redirect.o)
 .data          0x08002e5c        0x0 ../Assignment_One_bsp/\libhal_bsp.a(alt_open.o)
 .data          0x08002e5c        0x0 ../Assignment_One_bsp/\libhal_bsp.a(alt_tick.o)
 .data          0x08002e5c        0x0 ../Assignment_One_bsp/\libhal_bsp.a(alt_usleep.o)
 .data          0x08002e5c        0x0 ../Assignment_One_bsp/\libhal_bsp.a(altera_nios2_qsys_irq.o)
 .data          0x08002e5c        0x0 ../Assignment_One_bsp/\libhal_bsp.a(altera_avalon_cfi_flash_amd.o)
 .data          0x08002e5c        0x0 ../Assignment_One_bsp/\libhal_bsp.a(altera_avalon_cfi_flash_intel.o)
 .data          0x08002e5c        0x0 ../Assignment_One_bsp/\libhal_bsp.a(alt_busy_sleep.o)
 .data          0x08002e5c        0x0 ../Assignment_One_bsp/\libhal_bsp.a(alt_find_file.o)
 .data          0x08002e5c        0x0 ../Assignment_One_bsp/\libhal_bsp.a(alt_get_fd.o)
 .data          0x08002e5c        0x0 c:/altera/13.0/nios2eds/bin/gnu/h-i686-mingw32/bin/../lib/gcc/nios2-elf/4.1.2/../../../../nios2-elf/lib\libc.a(lib_a-atexit.o)
 .data          0x08002e5c        0x0 c:/altera/13.0/nios2eds/bin/gnu/h-i686-mingw32/bin/../lib/gcc/nios2-elf/4.1.2/../../../../nios2-elf/lib\libc.a(lib_a-ctype_.o)
 .data          0x08002e5c        0x0 c:/altera/13.0/nios2eds/bin/gnu/h-i686-mingw32/bin/../lib/gcc/nios2-elf/4.1.2/../../../../nios2-elf/lib\libc.a(lib_a-exit.o)
 .data          0x08002e5c        0x0 c:/altera/13.0/nios2eds/bin/gnu/h-i686-mingw32/bin/../lib/gcc/nios2-elf/4.1.2/../../../../nios2-elf/lib\libc.a(lib_a-__atexit.o)
 .data          0x08002e5c        0x0 c:/altera/13.0/nios2eds/bin/gnu/h-i686-mingw32/bin/../lib/gcc/nios2-elf/4.1.2/../../../../nios2-elf/lib\libc.a(lib_a-__call_atexit.o)
 .data          0x08002e5c        0x0 ../Assignment_One_bsp/\libhal_bsp.a(alt_exit.o)
                0x0800ae5c                _gp = ABSOLUTE ((. + 0x8000))
                0x0800ae5c                PROVIDE (gp, _gp)
 *(.rwdata .rwdata.*)
 *(.sdata .sdata.* .gnu.linkonce.s.*)
 .sdata         0x08002e5c        0xc obj/default/FreeRTOS/heap.o
 .sdata         0x08002e68        0x4 obj/default/FreeRTOS/tasks.o
 .sdata         0x08002e6c        0xc obj/default/freq_relay_ass1.o
                0x08002e6c                rocThreshold
                0x08002e70                lowerThreshold
                0x08002e74                indexFreq
 .sdata         0x08002e78        0x8 c:/altera/13.0/nios2eds/bin/gnu/h-i686-mingw32/bin/../lib/gcc/nios2-elf/4.1.2/../../../../nios2-elf/lib\libc.a(lib_a-impure.o)
                0x08002e78                _impure_ptr
                0x08002e7c                _global_impure_ptr
 .sdata         0x08002e80        0x8 c:/altera/13.0/nios2eds/bin/gnu/h-i686-mingw32/bin/../lib/gcc/nios2-elf/4.1.2/../../../../nios2-elf/lib\libc.a(lib_a-locale.o)
                0x08002e80                __mb_cur_max
 .sdata         0x08002e88        0x8 c:/altera/13.0/nios2eds/bin/gnu/h-i686-mingw32/bin/../lib/gcc/nios2-elf/4.1.2/../../../../nios2-elf/lib\libc.a(lib_a-mallocr.o)
                0x08002e88                __malloc_trim_threshold
                0x08002e8c                __malloc_sbrk_base
 .sdata         0x08002e90       0x14 ../Assignment_One_bsp/\libhal_bsp.a(alt_dev.o)
                0x08002e90                alt_fs_list
                0x08002e98                alt_dev_list
                0x08002ea0                alt_max_fd
 .sdata         0x08002ea4        0x4 ../Assignment_One_bsp/\libhal_bsp.a(alt_errno.o)
                0x08002ea4                alt_errno
 .sdata         0x08002ea8        0x4 ../Assignment_One_bsp/\libhal_bsp.a(alt_irq_vars.o)
                0x08002ea8                alt_priority_mask
 .sdata         0x08002eac        0x4 ../Assignment_One_bsp/\libhal_bsp.a(alt_sbrk.o)
 .sdata         0x08002eb0        0x4 ../Assignment_One_bsp/\libhal_bsp.a(altera_avalon_lcd_16207.o)
 .sdata         0x08002eb4        0x8 ../Assignment_One_bsp/\libhal_bsp.a(alt_flash_dev.o)
                0x08002eb4                alt_flash_dev_list
 .sdata         0x08002ebc        0x8 ../Assignment_One_bsp/\libhal_bsp.a(alt_tick.o)
                0x08002ebc                alt_alarm_list
 .sdata         0x08002ec4        0x4 c:/altera/13.0/nios2eds/bin/gnu/h-i686-mingw32/bin/../lib/gcc/nios2-elf/4.1.2/../../../../nios2-elf/lib\libc.a(lib_a-ctype_.o)
                0x08002ec4                __ctype_ptr
 *(.sdata2 .sdata2.* .gnu.linkonce.s2.*)
                0x08002ec8                . = ALIGN (0x4)
                0x08002ec8                _edata = ABSOLUTE (.)
                0x08002ec8                PROVIDE (edata, ABSOLUTE (.))
                0x08002ec8                PROVIDE (__ram_rwdata_end, ABSOLUTE (.))
                0x08000d84                PROVIDE (__flash_rwdata_start, LOADADDR (.rwdata))

.bss            0x08002ec8    0x7dd94
                0x08002ec8                __bss_start = ABSOLUTE (.)
                0x08002ec8                PROVIDE (__sbss_start, ABSOLUTE (.))
                0x08002ec8                PROVIDE (___sbss_start, ABSOLUTE (.))
 *(.dynsbss)
 *(.sbss .sbss.* .gnu.linkonce.sb.*)
 .sbss          0x08002ec8        0x4 obj/default/FSM.o
                0x08002ec8                NEXT_STATE
 .sbss          0x08002ecc       0x1c obj/default/FreeRTOS/croutine.o
                0x08002ecc                pxCurrentCoRoutine
 .sbss          0x08002ee8        0xc obj/default/FreeRTOS/heap.o
 .sbss          0x08002ef4       0x34 obj/default/FreeRTOS/tasks.o
                0x08002ef4                pxCurrentTCB
 .sbss          0x08002f28       0x10 obj/default/FreeRTOS/timers.o
 .sbss          0x08002f38       0x4c obj/default/freq_relay_ass1.o
                0x08002f38                timeIndex
                0x08002f3c                timer_expired
                0x08002f40                buttonValue
                0x08002f44                CURRENT_STATE
                0x08002f5c                timer
                0x08002f60                freqCalc
                0x08002f64                updateLoad_handler
                0x08002f68                stateMutex
                0x08002f6c                PRVGADraw
                0x08002f70                thresholdCalc
                0x08002f74                updateSystem_handler
                0x08002f78                auditFreq_handler
                0x08002f7c                timeCalc
                0x08002f80                updateThreshold_handler
 .sbss          0x08002f84        0xc c:/altera/13.0/nios2eds/bin/gnu/h-i686-mingw32/bin/../lib/gcc/nios2-elf/4.1.2/../../../../nios2-elf/lib\libc.a(lib_a-locale.o)
                0x08002f84                __nlocale_changed
                0x08002f88                __mlocale_changed
                0x08002f8c                _PathLocale
 .sbss          0x08002f90        0xc c:/altera/13.0/nios2eds/bin/gnu/h-i686-mingw32/bin/../lib/gcc/nios2-elf/4.1.2/../../../../nios2-elf/lib\libc.a(lib_a-mallocr.o)
                0x08002f90                __malloc_top_pad
                0x08002f94                __malloc_max_sbrked_mem
                0x08002f98                __malloc_max_total_mem
 .sbss          0x08002f9c        0x4 c:/altera/13.0/nios2eds/bin/gnu/h-i686-mingw32/bin/../lib/gcc/nios2-elf/4.1.2/../../../../nios2-elf/lib\libc.a(lib_a-int_errno.o)
                0x08002f9c                errno
 .sbss          0x08002fa0        0x4 ../Assignment_One_bsp/\libhal_bsp.a(alt_irq_vars.o)
                0x08002fa0                alt_irq_active
 .sbss          0x08002fa4        0xc ../Assignment_One_bsp/\libhal_bsp.a(alt_main.o)
                0x08002fa4                alt_argc
                0x08002fa8                alt_argv
                0x08002fac                alt_envp
 .sbss          0x08002fb0        0x8 ../Assignment_One_bsp/\libhal_bsp.a(alt_tick.o)
                0x08002fb0                _alt_tick_rate
                0x08002fb4                _alt_nticks
 *(.sbss2 .sbss2.* .gnu.linkonce.sb2.*)
 *(.scommon)
                0x08002fb8                PROVIDE (__sbss_end, ABSOLUTE (.))
                0x08002fb8                PROVIDE (___sbss_end, ABSOLUTE (.))
 *(.dynbss)
 *(.bss .bss.* .gnu.linkonce.b.*)
 .bss           0x08002fb8        0x0 ../Assignment_One_bsp//obj/HAL/src/crt0.o
 .bss           0x08002fb8        0x0 obj/default/FSM.o
 .bss           0x08002fb8       0x64 obj/default/FreeRTOS/croutine.o
 .bss           0x0800301c        0x0 obj/default/FreeRTOS/event_groups.o
 .bss           0x0800301c    0x7d000 obj/default/FreeRTOS/heap.o
 .bss           0x0808001c        0x0 obj/default/FreeRTOS/list.o
 .bss           0x0808001c        0x0 obj/default/FreeRTOS/port.o
 .bss           0x0808001c        0x0 obj/default/FreeRTOS/queue.o
 .bss           0x0808001c      0x154 obj/default/FreeRTOS/tasks.o
 .bss           0x08080170       0x28 obj/default/FreeRTOS/timers.o
 .bss           0x08080198      0x1cc obj/default/freq_relay_ass1.o
                0x08080198                timeArray
                0x08080328                avgTime
                0x0808033c                mostRecentTime
                0x08080350                maxTime
 .bss           0x08080364        0x0 obj/default/FreeRTOS/port_asm.o
 .bss           0x08080364        0x0 c:/altera/13.0/nios2eds/bin/gnu/h-i686-mingw32/bin/../lib/gcc/nios2-elf/4.1.2\libgcc.a(_addsub_sf.o)
 .bss           0x08080364        0x0 c:/altera/13.0/nios2eds/bin/gnu/h-i686-mingw32/bin/../lib/gcc/nios2-elf/4.1.2\libgcc.a(_sf_to_df.o)
 .bss           0x08080364        0x0 c:/altera/13.0/nios2eds/bin/gnu/h-i686-mingw32/bin/../lib/gcc/nios2-elf/4.1.2\libgcc.a(_thenan_sf.o)
 .bss           0x08080364        0x0 c:/altera/13.0/nios2eds/bin/gnu/h-i686-mingw32/bin/../lib/gcc/nios2-elf/4.1.2\libgcc.a(_addsub_df.o)
 .bss           0x08080364        0x0 c:/altera/13.0/nios2eds/bin/gnu/h-i686-mingw32/bin/../lib/gcc/nios2-elf/4.1.2\libgcc.a(_mul_df.o)
 .bss           0x08080364        0x0 c:/altera/13.0/nios2eds/bin/gnu/h-i686-mingw32/bin/../lib/gcc/nios2-elf/4.1.2\libgcc.a(_div_df.o)
 .bss           0x08080364        0x0 c:/altera/13.0/nios2eds/bin/gnu/h-i686-mingw32/bin/../lib/gcc/nios2-elf/4.1.2\libgcc.a(_gt_df.o)
 .bss           0x08080364        0x0 c:/altera/13.0/nios2eds/bin/gnu/h-i686-mingw32/bin/../lib/gcc/nios2-elf/4.1.2\libgcc.a(_ge_df.o)
 .bss           0x08080364        0x0 c:/altera/13.0/nios2eds/bin/gnu/h-i686-mingw32/bin/../lib/gcc/nios2-elf/4.1.2\libgcc.a(_lt_df.o)
 .bss           0x08080364        0x0 c:/altera/13.0/nios2eds/bin/gnu/h-i686-mingw32/bin/../lib/gcc/nios2-elf/4.1.2\libgcc.a(_le_df.o)
 .bss           0x08080364        0x0 c:/altera/13.0/nios2eds/bin/gnu/h-i686-mingw32/bin/../lib/gcc/nios2-elf/4.1.2\libgcc.a(_si_to_df.o)
 .bss           0x08080364        0x0 c:/altera/13.0/nios2eds/bin/gnu/h-i686-mingw32/bin/../lib/gcc/nios2-elf/4.1.2\libgcc.a(_df_to_si.o)
 .bss           0x08080364        0x0 c:/altera/13.0/nios2eds/bin/gnu/h-i686-mingw32/bin/../lib/gcc/nios2-elf/4.1.2\libgcc.a(_make_df.o)
 .bss           0x08080364        0x0 c:/altera/13.0/nios2eds/bin/gnu/h-i686-mingw32/bin/../lib/gcc/nios2-elf/4.1.2\libgcc.a(_df_to_sf.o)
 .bss           0x08080364        0x0 c:/altera/13.0/nios2eds/bin/gnu/h-i686-mingw32/bin/../lib/gcc/nios2-elf/4.1.2\libgcc.a(_thenan_df.o)
 .bss           0x08080364        0x0 c:/altera/13.0/nios2eds/bin/gnu/h-i686-mingw32/bin/../lib/gcc/nios2-elf/4.1.2\libgcc.a(_muldi3.o)
 .bss           0x08080364        0x0 c:/altera/13.0/nios2eds/bin/gnu/h-i686-mingw32/bin/../lib/gcc/nios2-elf/4.1.2\libgcc.a(_clzsi2.o)
 .bss           0x08080364        0x0 c:/altera/13.0/nios2eds/bin/gnu/h-i686-mingw32/bin/../lib/gcc/nios2-elf/4.1.2\libgcc.a(_pack_sf.o)
 .bss           0x08080364        0x0 c:/altera/13.0/nios2eds/bin/gnu/h-i686-mingw32/bin/../lib/gcc/nios2-elf/4.1.2\libgcc.a(_unpack_sf.o)
 .bss           0x08080364        0x0 c:/altera/13.0/nios2eds/bin/gnu/h-i686-mingw32/bin/../lib/gcc/nios2-elf/4.1.2\libgcc.a(_make_sf.o)
 .bss           0x08080364        0x0 c:/altera/13.0/nios2eds/bin/gnu/h-i686-mingw32/bin/../lib/gcc/nios2-elf/4.1.2\libgcc.a(_pack_df.o)
 .bss           0x08080364        0x0 c:/altera/13.0/nios2eds/bin/gnu/h-i686-mingw32/bin/../lib/gcc/nios2-elf/4.1.2\libgcc.a(_unpack_df.o)
 .bss           0x08080364        0x0 c:/altera/13.0/nios2eds/bin/gnu/h-i686-mingw32/bin/../lib/gcc/nios2-elf/4.1.2\libgcc.a(_fpcmp_parts_df.o)
 .bss           0x08080364        0x0 c:/altera/13.0/nios2eds/bin/gnu/h-i686-mingw32/bin/../lib/gcc/nios2-elf/4.1.2\libgcc.a(_clz.o)
 .bss           0x08080364        0x0 c:/altera/13.0/nios2eds/bin/gnu/h-i686-mingw32/bin/../lib/gcc/nios2-elf/4.1.2/../../../../nios2-elf/lib\libc.a(lib_a-efgcvt.o)
 .bss           0x08080364        0x0 c:/altera/13.0/nios2eds/bin/gnu/h-i686-mingw32/bin/../lib/gcc/nios2-elf/4.1.2/../../../../nios2-elf/lib\libc.a(lib_a-impure.o)
 .bss           0x08080364        0x0 c:/altera/13.0/nios2eds/bin/gnu/h-i686-mingw32/bin/../lib/gcc/nios2-elf/4.1.2/../../../../nios2-elf/lib\libc.a(lib_a-memcmp.o)
 .bss           0x08080364        0x0 c:/altera/13.0/nios2eds/bin/gnu/h-i686-mingw32/bin/../lib/gcc/nios2-elf/4.1.2/../../../../nios2-elf/lib\libc.a(lib_a-memcpy.o)
 .bss           0x08080364        0x0 c:/altera/13.0/nios2eds/bin/gnu/h-i686-mingw32/bin/../lib/gcc/nios2-elf/4.1.2/../../../../nios2-elf/lib\libc.a(lib_a-memset.o)
 .bss           0x08080364        0x0 c:/altera/13.0/nios2eds/bin/gnu/h-i686-mingw32/bin/../lib/gcc/nios2-elf/4.1.2/../../../../nios2-elf/lib\libc.a(lib_a-printf.o)
 .bss           0x08080364        0x0 c:/altera/13.0/nios2eds/bin/gnu/h-i686-mingw32/bin/../lib/gcc/nios2-elf/4.1.2/../../../../nios2-elf/lib\libc.a(lib_a-puts.o)
 .bss           0x08080364        0x0 c:/altera/13.0/nios2eds/bin/gnu/h-i686-mingw32/bin/../lib/gcc/nios2-elf/4.1.2/../../../../nios2-elf/lib\libc.a(lib_a-sprintf.o)
 .bss           0x08080364        0x0 c:/altera/13.0/nios2eds/bin/gnu/h-i686-mingw32/bin/../lib/gcc/nios2-elf/4.1.2/../../../../nios2-elf/lib\libc.a(lib_a-strlen.o)
 .bss           0x08080364        0x0 c:/altera/13.0/nios2eds/bin/gnu/h-i686-mingw32/bin/../lib/gcc/nios2-elf/4.1.2/../../../../nios2-elf/lib\libc.a(lib_a-vfprintf.o)
 .bss           0x08080364        0x0 c:/altera/13.0/nios2eds/bin/gnu/h-i686-mingw32/bin/../lib/gcc/nios2-elf/4.1.2/../../../../nios2-elf/lib\libc.a(lib_a-wsetup.o)
 .bss           0x08080364        0x0 c:/altera/13.0/nios2eds/bin/gnu/h-i686-mingw32/bin/../lib/gcc/nios2-elf/4.1.2/../../../../nios2-elf/lib\libc.a(lib_a-dtoa.o)
 .bss           0x08080364        0x0 c:/altera/13.0/nios2eds/bin/gnu/h-i686-mingw32/bin/../lib/gcc/nios2-elf/4.1.2/../../../../nios2-elf/lib\libc.a(lib_a-ecvtbuf.o)
 .bss           0x08080364        0x0 c:/altera/13.0/nios2eds/bin/gnu/h-i686-mingw32/bin/../lib/gcc/nios2-elf/4.1.2/../../../../nios2-elf/lib\libc.a(lib_a-fflush.o)
 .bss           0x08080364        0x0 c:/altera/13.0/nios2eds/bin/gnu/h-i686-mingw32/bin/../lib/gcc/nios2-elf/4.1.2/../../../../nios2-elf/lib\libc.a(lib_a-findfp.o)
 .bss           0x08080364        0x0 c:/altera/13.0/nios2eds/bin/gnu/h-i686-mingw32/bin/../lib/gcc/nios2-elf/4.1.2/../../../../nios2-elf/lib\libc.a(lib_a-freer.o)
 .bss           0x08080364        0x0 c:/altera/13.0/nios2eds/bin/gnu/h-i686-mingw32/bin/../lib/gcc/nios2-elf/4.1.2/../../../../nios2-elf/lib\libc.a(lib_a-fvwrite.o)
 .bss           0x08080364        0x0 c:/altera/13.0/nios2eds/bin/gnu/h-i686-mingw32/bin/../lib/gcc/nios2-elf/4.1.2/../../../../nios2-elf/lib\libc.a(lib_a-fwalk.o)
 .bss           0x08080364        0x0 c:/altera/13.0/nios2eds/bin/gnu/h-i686-mingw32/bin/../lib/gcc/nios2-elf/4.1.2/../../../../nios2-elf/lib\libc.a(lib_a-locale.o)
 .bss           0x08080364        0x0 c:/altera/13.0/nios2eds/bin/gnu/h-i686-mingw32/bin/../lib/gcc/nios2-elf/4.1.2/../../../../nios2-elf/lib\libc.a(lib_a-makebuf.o)
 .bss           0x08080364       0x28 c:/altera/13.0/nios2eds/bin/gnu/h-i686-mingw32/bin/../lib/gcc/nios2-elf/4.1.2/../../../../nios2-elf/lib\libc.a(lib_a-mallocr.o)
                0x08080364                __malloc_current_mallinfo
 .bss           0x0808038c        0x0 c:/altera/13.0/nios2eds/bin/gnu/h-i686-mingw32/bin/../lib/gcc/nios2-elf/4.1.2/../../../../nios2-elf/lib\libc.a(lib_a-memchr.o)
 .bss           0x0808038c        0x0 c:/altera/13.0/nios2eds/bin/gnu/h-i686-mingw32/bin/../lib/gcc/nios2-elf/4.1.2/../../../../nios2-elf/lib\libc.a(lib_a-memmove.o)
 .bss           0x0808038c        0x0 c:/altera/13.0/nios2eds/bin/gnu/h-i686-mingw32/bin/../lib/gcc/nios2-elf/4.1.2/../../../../nios2-elf/lib\libc.a(lib_a-mprec.o)
 .bss           0x0808038c        0x0 c:/altera/13.0/nios2eds/bin/gnu/h-i686-mingw32/bin/../lib/gcc/nios2-elf/4.1.2/../../../../nios2-elf/lib\libc.a(lib_a-reallocr.o)
 .bss           0x0808038c        0x0 c:/altera/13.0/nios2eds/bin/gnu/h-i686-mingw32/bin/../lib/gcc/nios2-elf/4.1.2/../../../../nios2-elf/lib\libc.a(lib_a-s_isinfd.o)
 .bss           0x0808038c        0x0 c:/altera/13.0/nios2eds/bin/gnu/h-i686-mingw32/bin/../lib/gcc/nios2-elf/4.1.2/../../../../nios2-elf/lib\libc.a(lib_a-s_isnand.o)
 .bss           0x0808038c        0x0 c:/altera/13.0/nios2eds/bin/gnu/h-i686-mingw32/bin/../lib/gcc/nios2-elf/4.1.2/../../../../nios2-elf/lib\libc.a(lib_a-sbrkr.o)
 .bss           0x0808038c        0x0 c:/altera/13.0/nios2eds/bin/gnu/h-i686-mingw32/bin/../lib/gcc/nios2-elf/4.1.2/../../../../nios2-elf/lib\libc.a(lib_a-stdio.o)
 .bss           0x0808038c        0x0 c:/altera/13.0/nios2eds/bin/gnu/h-i686-mingw32/bin/../lib/gcc/nios2-elf/4.1.2/../../../../nios2-elf/lib\libc.a(lib_a-strcmp.o)
 .bss           0x0808038c        0x0 c:/altera/13.0/nios2eds/bin/gnu/h-i686-mingw32/bin/../lib/gcc/nios2-elf/4.1.2/../../../../nios2-elf/lib\libc.a(lib_a-strcpy.o)
 .bss           0x0808038c        0x0 c:/altera/13.0/nios2eds/bin/gnu/h-i686-mingw32/bin/../lib/gcc/nios2-elf/4.1.2/../../../../nios2-elf/lib\libc.a(lib_a-writer.o)
 .bss           0x0808038c        0x0 c:/altera/13.0/nios2eds/bin/gnu/h-i686-mingw32/bin/../lib/gcc/nios2-elf/4.1.2/../../../../nios2-elf/lib\libc.a(lib_a-callocr.o)
 .bss           0x0808038c        0x0 c:/altera/13.0/nios2eds/bin/gnu/h-i686-mingw32/bin/../lib/gcc/nios2-elf/4.1.2/../../../../nios2-elf/lib\libc.a(lib_a-closer.o)
 .bss           0x0808038c        0x0 c:/altera/13.0/nios2eds/bin/gnu/h-i686-mingw32/bin/../lib/gcc/nios2-elf/4.1.2/../../../../nios2-elf/lib\libc.a(lib_a-fclose.o)
 .bss           0x0808038c        0x0 c:/altera/13.0/nios2eds/bin/gnu/h-i686-mingw32/bin/../lib/gcc/nios2-elf/4.1.2/../../../../nios2-elf/lib\libc.a(lib_a-fstatr.o)
 .bss           0x0808038c        0x0 c:/altera/13.0/nios2eds/bin/gnu/h-i686-mingw32/bin/../lib/gcc/nios2-elf/4.1.2/../../../../nios2-elf/lib\libc.a(lib_a-int_errno.o)
 .bss           0x0808038c        0x0 c:/altera/13.0/nios2eds/bin/gnu/h-i686-mingw32/bin/../lib/gcc/nios2-elf/4.1.2/../../../../nios2-elf/lib\libc.a(lib_a-isattyr.o)
 .bss           0x0808038c        0x0 c:/altera/13.0/nios2eds/bin/gnu/h-i686-mingw32/bin/../lib/gcc/nios2-elf/4.1.2/../../../../nios2-elf/lib\libc.a(lib_a-lseekr.o)
 .bss           0x0808038c        0x0 c:/altera/13.0/nios2eds/bin/gnu/h-i686-mingw32/bin/../lib/gcc/nios2-elf/4.1.2/../../../../nios2-elf/lib\libc.a(lib_a-readr.o)
 .bss           0x0808038c        0x0 c:/altera/13.0/nios2eds/bin/gnu/h-i686-mingw32/bin/../lib/gcc/nios2-elf/4.1.2\libgcc.a(_udivdi3.o)
 .bss           0x0808038c        0x0 c:/altera/13.0/nios2eds/bin/gnu/h-i686-mingw32/bin/../lib/gcc/nios2-elf/4.1.2\libgcc.a(_umoddi3.o)
 .bss           0x0808038c        0x0 c:/altera/13.0/nios2eds/bin/gnu/h-i686-mingw32/bin/../lib/gcc/nios2-elf/4.1.2\libgcc.a(_eq_df.o)
 .bss           0x0808038c        0x0 c:/altera/13.0/nios2eds/bin/gnu/h-i686-mingw32/bin/../lib/gcc/nios2-elf/4.1.2\libgcc.a(_ne_df.o)
 .bss           0x0808038c        0x0 c:/altera/13.0/nios2eds/bin/gnu/h-i686-mingw32/bin/../lib/gcc/nios2-elf/4.1.2\libgcc.a(_usi_to_df.o)
 .bss           0x0808038c        0x0 c:/altera/13.0/nios2eds/bin/gnu/h-i686-mingw32/bin/../lib/gcc/nios2-elf/4.1.2\libgcc.a(lib2-divmod.o)
 .bss           0x0808038c        0x0 ../Assignment_One_bsp/\libhal_bsp.a(alt_close.o)
 .bss           0x0808038c        0x0 ../Assignment_One_bsp/\libhal_bsp.a(alt_dev.o)
 .bss           0x0808038c        0x0 ../Assignment_One_bsp/\libhal_bsp.a(alt_errno.o)
 .bss           0x0808038c        0x0 ../Assignment_One_bsp/\libhal_bsp.a(alt_fstat.o)
 .bss           0x0808038c        0x0 ../Assignment_One_bsp/\libhal_bsp.a(alt_irq_handler.o)
 .bss           0x0808038c        0x0 ../Assignment_One_bsp/\libhal_bsp.a(alt_irq_vars.o)
 .bss           0x0808038c        0x0 ../Assignment_One_bsp/\libhal_bsp.a(alt_isatty.o)
 .bss           0x0808038c        0x0 ../Assignment_One_bsp/\libhal_bsp.a(alt_lseek.o)
 .bss           0x0808038c        0x0 ../Assignment_One_bsp/\libhal_bsp.a(alt_main.o)
 .bss           0x0808038c        0x0 ../Assignment_One_bsp/\libhal_bsp.a(alt_malloc_lock.o)
 .bss           0x0808038c        0x0 ../Assignment_One_bsp/\libhal_bsp.a(alt_read.o)
 .bss           0x0808038c        0x0 ../Assignment_One_bsp/\libhal_bsp.a(alt_release_fd.o)
 .bss           0x0808038c        0x0 ../Assignment_One_bsp/\libhal_bsp.a(alt_sbrk.o)
 .bss           0x0808038c        0x0 ../Assignment_One_bsp/\libhal_bsp.a(alt_write.o)
 .bss           0x0808038c        0x0 ../Assignment_One_bsp/\libhal_bsp.a(alt_sys_init.o)
 .bss           0x0808038c        0x0 ../Assignment_One_bsp/\libhal_bsp.a(altera_avalon_cfi_flash.o)
 .bss           0x0808038c        0x0 ../Assignment_One_bsp/\libhal_bsp.a(altera_avalon_cfi_flash_table.o)
 .bss           0x0808038c        0x0 ../Assignment_One_bsp/\libhal_bsp.a(altera_avalon_jtag_uart_fd.o)
 .bss           0x0808038c        0x0 ../Assignment_One_bsp/\libhal_bsp.a(altera_avalon_jtag_uart_init.o)
 .bss           0x0808038c        0x0 ../Assignment_One_bsp/\libhal_bsp.a(altera_avalon_jtag_uart_ioctl.o)
 .bss           0x0808038c        0x0 ../Assignment_One_bsp/\libhal_bsp.a(altera_avalon_jtag_uart_read.o)
 .bss           0x0808038c        0x0 ../Assignment_One_bsp/\libhal_bsp.a(altera_avalon_jtag_uart_write.o)
 .bss           0x0808038c        0x0 ../Assignment_One_bsp/\libhal_bsp.a(altera_avalon_lcd_16207.o)
 .bss           0x0808038c        0x0 ../Assignment_One_bsp/\libhal_bsp.a(altera_avalon_lcd_16207_fd.o)
 .bss           0x0808038c        0x0 ../Assignment_One_bsp/\libhal_bsp.a(altera_avalon_timer_sc.o)
 .bss           0x0808038c        0x0 ../Assignment_One_bsp/\libhal_bsp.a(altera_avalon_uart_fd.o)
 .bss           0x0808038c        0x0 ../Assignment_One_bsp/\libhal_bsp.a(altera_avalon_uart_init.o)
 .bss           0x0808038c        0x0 ../Assignment_One_bsp/\libhal_bsp.a(altera_avalon_uart_read.o)
 .bss           0x0808038c        0x0 ../Assignment_One_bsp/\libhal_bsp.a(altera_avalon_uart_write.o)
 .bss           0x0808038c        0x0 ../Assignment_One_bsp/\libhal_bsp.a(altera_up_avalon_ps2.o)
 .bss           0x0808038c        0x0 ../Assignment_One_bsp/\libhal_bsp.a(altera_up_avalon_video_character_buffer_with_dma.o)
 .bss           0x0808038c        0x0 ../Assignment_One_bsp/\libhal_bsp.a(altera_up_avalon_video_pixel_buffer_dma.o)
 .bss           0x0808038c        0x0 ../Assignment_One_bsp/\libhal_bsp.a(altera_up_ps2_keyboard.o)
 .bss           0x0808038c        0x0 ../Assignment_One_bsp/\libhal_bsp.a(alt_alarm_start.o)
 .bss           0x0808038c        0x0 ../Assignment_One_bsp/\libhal_bsp.a(alt_dcache_flush.o)
 .bss           0x0808038c        0x0 ../Assignment_One_bsp/\libhal_bsp.a(alt_dev_llist_insert.o)
 .bss           0x0808038c        0x0 ../Assignment_One_bsp/\libhal_bsp.a(alt_do_ctors.o)
 .bss           0x0808038c        0x0 ../Assignment_One_bsp/\libhal_bsp.a(alt_do_dtors.o)
 .bss           0x0808038c        0x0 ../Assignment_One_bsp/\libhal_bsp.a(alt_find_dev.o)
 .bss           0x0808038c        0x0 ../Assignment_One_bsp/\libhal_bsp.a(alt_flash_dev.o)
 .bss           0x0808038c        0x0 ../Assignment_One_bsp/\libhal_bsp.a(alt_io_redirect.o)
 .bss           0x0808038c        0x0 ../Assignment_One_bsp/\libhal_bsp.a(alt_open.o)
 .bss           0x0808038c        0x0 ../Assignment_One_bsp/\libhal_bsp.a(alt_tick.o)
 .bss           0x0808038c        0x0 ../Assignment_One_bsp/\libhal_bsp.a(alt_usleep.o)
 .bss           0x0808038c        0x0 ../Assignment_One_bsp/\libhal_bsp.a(altera_nios2_qsys_irq.o)
 .bss           0x0808038c        0x0 ../Assignment_One_bsp/\libhal_bsp.a(altera_avalon_cfi_flash_amd.o)
 .bss           0x0808038c        0x0 ../Assignment_One_bsp/\libhal_bsp.a(altera_avalon_cfi_flash_intel.o)
 .bss           0x0808038c        0x0 ../Assignment_One_bsp/\libhal_bsp.a(alt_busy_sleep.o)
 .bss           0x0808038c        0x0 ../Assignment_One_bsp/\libhal_bsp.a(alt_find_file.o)
 .bss           0x0808038c        0x0 ../Assignment_One_bsp/\libhal_bsp.a(alt_get_fd.o)
 .bss           0x0808038c        0x0 c:/altera/13.0/nios2eds/bin/gnu/h-i686-mingw32/bin/../lib/gcc/nios2-elf/4.1.2/../../../../nios2-elf/lib\libc.a(lib_a-atexit.o)
 .bss           0x0808038c        0x0 c:/altera/13.0/nios2eds/bin/gnu/h-i686-mingw32/bin/../lib/gcc/nios2-elf/4.1.2/../../../../nios2-elf/lib\libc.a(lib_a-ctype_.o)
 .bss           0x0808038c        0x0 c:/altera/13.0/nios2eds/bin/gnu/h-i686-mingw32/bin/../lib/gcc/nios2-elf/4.1.2/../../../../nios2-elf/lib\libc.a(lib_a-exit.o)
 .bss           0x0808038c        0x0 c:/altera/13.0/nios2eds/bin/gnu/h-i686-mingw32/bin/../lib/gcc/nios2-elf/4.1.2/../../../../nios2-elf/lib\libc.a(lib_a-__atexit.o)
 .bss           0x0808038c        0x0 c:/altera/13.0/nios2eds/bin/gnu/h-i686-mingw32/bin/../lib/gcc/nios2-elf/4.1.2/../../../../nios2-elf/lib\libc.a(lib_a-__call_atexit.o)
 .bss           0x0808038c        0x0 ../Assignment_One_bsp/\libhal_bsp.a(alt_exit.o)
 *(COMMON)
 COMMON         0x0808038c        0x0 obj/default/FSM.o
 COMMON         0x0808038c      0x640 obj/default/freq_relay_ass1.o
                0x0808038c                freq
                0x080806ac                dfreq
 COMMON         0x080809cc      0x100 ../Assignment_One_bsp/\libhal_bsp.a(alt_irq_handler.o)
                0x080809cc                alt_irq
 COMMON         0x08080acc      0x190 c:/altera/13.0/nios2eds/bin/gnu/h-i686-mingw32/bin/../lib/gcc/nios2-elf/4.1.2/../../../../nios2-elf/lib\libc.a(lib_a-atexit.o)
                0x08080acc                _atexit0
                0x08080c5c                . = ALIGN (0x4)
                0x08080c5c                __bss_end = ABSOLUTE (.)

.onchip_memory  0x0001baa8        0x0
                0x0001baa8                PROVIDE (_alt_partition_onchip_memory_start, ABSOLUTE (.))
 *(.onchip_memory. onchip_memory.*)
                0x0001baa8                . = ALIGN (0x4)
                0x0001baa8                PROVIDE (_alt_partition_onchip_memory_end, ABSOLUTE (.))
                0x0001baa8                PROVIDE (_alt_partition_onchip_memory_load_addr, LOADADDR (.onchip_memory))

.flash_controller
                0x01000020        0x0
                0x01000020                PROVIDE (_alt_partition_flash_controller_start, ABSOLUTE (.))
 *(.flash_controller. flash_controller.*)
                0x01000020                . = ALIGN (0x4)
                0x01000020                PROVIDE (_alt_partition_flash_controller_end, ABSOLUTE (.))
                0x01000020                PROVIDE (_alt_partition_flash_controller_load_addr, LOADADDR (.flash_controller))

.sdram          0x08080c5c        0x0
                0x08080c5c                PROVIDE (_alt_partition_sdram_start, ABSOLUTE (.))
 *(.sdram. sdram.*)
                0x08080c5c                . = ALIGN (0x4)
                0x08080c5c                PROVIDE (_alt_partition_sdram_end, ABSOLUTE (.))
                0x08080c5c                _end = ABSOLUTE (.)
                0x08080c5c                end = ABSOLUTE (.)
                0x08080c5c                __alt_stack_base = ABSOLUTE (.)
                0x08080c5c                PROVIDE (_alt_partition_sdram_load_addr, LOADADDR (.sdram))

.stab
 *(.stab)

.stabstr
 *(.stabstr)

.stab.excl
 *(.stab.excl)

.stab.exclstr
 *(.stab.exclstr)

.stab.index
 *(.stab.index)

.stab.indexstr
 *(.stab.indexstr)

.comment        0x00000000       0x23
 *(.comment)
 .comment       0x00000000       0x23 obj/default/FSM.o
                                 0x24 (size before relaxing)
 .comment       0x00000000       0x24 obj/default/FreeRTOS/croutine.o
 .comment       0x00000000       0x24 obj/default/FreeRTOS/event_groups.o
 .comment       0x00000000       0x24 obj/default/FreeRTOS/heap.o
 .comment       0x00000000       0x24 obj/default/FreeRTOS/list.o
 .comment       0x00000000       0x24 obj/default/FreeRTOS/port.o
 .comment       0x00000000       0x24 obj/default/FreeRTOS/queue.o
 .comment       0x00000000       0x24 obj/default/FreeRTOS/tasks.o
 .comment       0x00000000       0x24 obj/default/FreeRTOS/timers.o
 .comment       0x00000000       0x24 obj/default/freq_relay_ass1.o